<html>
<body>
<pre>
<h1>µVision Build Log</h1>
<h2>Tool Versions:</h2>
IDE-Version: ¦ÌVision V5.24.2.0
Copyright (C) 2017 ARM Ltd and ARM Germany GmbH. All rights reserved.
License Information: 1 pwqc, 1, LIC=----
 
Tool Versions:
Toolchain:       MDK-Lite  Version: 5.24.1
Toolchain Path:  D:\keil5\ARM\ARMCC\Bin
C Compiler:      Armcc.exe V5.06 update 5 (build 528)
Assembler:       Armasm.exe V5.06 update 5 (build 528)
Linker/Locator:  ArmLink.exe V5.06 update 5 (build 528)
Library Manager: ArmAr.exe V5.06 update 5 (build 528)
Hex Converter:   FromElf.exe V5.06 update 5 (build 528)
CPU DLL:         SARMCM3.DLL V5.24.1
Dialog DLL:      DCM.DLL V1.16.0.0
Target DLL:      STLink\ST-LINKIII-KEIL_SWO.dll V3.0.1.0
Dialog DLL:      TCM.DLL V1.32.0.0
 
<h2>Project:</h2>
C:\Users\pwqc\Desktop\stm32project\Ê§°Ü1\project.uvprojx
Project File Date:  08/24/2023

<h2>Output:</h2>
*** Using Compiler 'V5.06 update 5 (build 528)', folder: 'D:\keil5\ARM\ARMCC\Bin'
Build target 'Target 1'
compiling main.c...
.\hardware\LED.h(4): warning:  #1295-D: Deprecated declaration LED1_ON - give arg types
  void LED1_ON();
.\hardware\LED.h(5): warning:  #1295-D: Deprecated declaration LED2_ON - give arg types
  void LED2_ON();
.\hardware\LED.h(6): warning:  #1295-D: Deprecated declaration LED1_OFF - give arg types
  void LED1_OFF();
.\hardware\LED.h(7): warning:  #1295-D: Deprecated declaration LED2_OFF - give arg types
  void LED2_OFF();
.\hardware\LED.h(8): warning:  #1295-D: Deprecated declaration LED3_ON - give arg types
  void LED3_ON();
.\hardware\LED.h(9): warning:  #1295-D: Deprecated declaration LED4_ON - give arg types
  void LED4_ON();
.\hardware\LED.h(10): warning:  #1295-D: Deprecated declaration LED3_OFF - give arg types
  void LED3_OFF();
.\hardware\LED.h(11): warning:  #1295-D: Deprecated declaration LED4_OFF - give arg types
  void LED4_OFF();
.\hardware\LED.h(12): warning:  #1295-D: Deprecated declaration LEDN_ON - give arg types
  void LEDN_ON();
.\hardware\LED.h(13): warning:  #1295-D: Deprecated declaration LEDN_OFF - give arg types
  void LEDN_OFF();
.\hardware\LED.h(14): warning:  #1295-D: Deprecated declaration LEDzx_ON - give arg types
  void LEDzx_ON();
.\hardware\LED.h(15): warning:  #1295-D: Deprecated declaration LEDzx_OFF - give arg types
  void LEDzx_OFF();
.\hardware\LED.h(17): warning:  #1-D: last line of file ends without a newline
  #endif
.\hardware\MPU6050.h(7): warning:  #1295-D: Deprecated declaration MPU6050_Init - give arg types
  void MPU6050_Init();
.\hardware\MPU6050.h(12): warning:  #1-D: last line of file ends without a newline
  #endif
.\hardware\HMC5883L.h(8): warning:  #1295-D: Deprecated declaration HMC5883L_Init - give arg types
  void HMC5883L_Init();
.\hardware\HMC5883L.h(12): warning:  #1-D: last line of file ends without a newline
  #endif
.\hardware\Serial.h(18): warning:  #1-D: last line of file ends without a newline
  #endif
.\hardware\GPS.h(3): warning:  #1295-D: Deprecated declaration GPS_Init - give arg types
  void GPS_Init();
.\hardware\GPS.h(8): warning:  #1-D: last line of file ends without a newline
  #endif
user\main.c: 20 warnings, 0 errors
linking...
Program Size: Code=20128 RO-data=2504 RW-data=152 ZI-data=1992  
".\Objects\project.axf" - 0 Error(s), 20 Warning(s).

<h2>Software Packages used:</h2>

Package Vendor: Keil
                http://www.keil.com/pack/Keil.STM32F1xx_DFP.2.2.0.pack
                Keil.STM32F1xx_DFP.2.2.0
                STMicroelectronics STM32F1 Series Device Support, Drivers and Examples

<h2>Collection of Component include folders:</h2>
  .\RTE\_Target_1
  D:\keil5\ARM\PACK\Keil\STM32F1xx_DFP\2.2.0\Device\Include

<h2>Collection of Component Files used:</h2>
Build Time Elapsed:  00:00:01
</pre>
</body>
</html>
