Component: ARM Compiler 5.06 update 5 (build 528) Tool: armlink [4d35e2]

==============================================================================

Section Cross References

    startup_stm32f10x_md.o(STACK) refers (Special) to heapauxi.o(.text) for __use_two_region_memory
    startup_stm32f10x_md.o(HEAP) refers (Special) to heapauxi.o(.text) for __use_two_region_memory
    startup_stm32f10x_md.o(RESET) refers (Special) to heapauxi.o(.text) for __use_two_region_memory
    startup_stm32f10x_md.o(RESET) refers to startup_stm32f10x_md.o(STACK) for __initial_sp
    startup_stm32f10x_md.o(RESET) refers to startup_stm32f10x_md.o(.text) for Reset_Handler
    startup_stm32f10x_md.o(RESET) refers to stm32f10x_it.o(i.NMI_Handler) for NMI_Handler
    startup_stm32f10x_md.o(RESET) refers to stm32f10x_it.o(i.HardFault_Handler) for HardFault_Handler
    startup_stm32f10x_md.o(RESET) refers to stm32f10x_it.o(i.MemManage_Handler) for MemManage_Handler
    startup_stm32f10x_md.o(RESET) refers to stm32f10x_it.o(i.BusFault_Handler) for BusFault_Handler
    startup_stm32f10x_md.o(RESET) refers to stm32f10x_it.o(i.UsageFault_Handler) for UsageFault_Handler
    startup_stm32f10x_md.o(RESET) refers to stm32f10x_it.o(i.SVC_Handler) for SVC_Handler
    startup_stm32f10x_md.o(RESET) refers to stm32f10x_it.o(i.DebugMon_Handler) for DebugMon_Handler
    startup_stm32f10x_md.o(RESET) refers to stm32f10x_it.o(i.PendSV_Handler) for PendSV_Handler
    startup_stm32f10x_md.o(RESET) refers to stm32f10x_it.o(i.SysTick_Handler) for SysTick_Handler
    startup_stm32f10x_md.o(RESET) refers to serial.o(i.USART1_IRQHandler) for USART1_IRQHandler
    startup_stm32f10x_md.o(RESET) refers to gps.o(i.USART2_IRQHandler) for USART2_IRQHandler
    startup_stm32f10x_md.o(.text) refers (Special) to heapauxi.o(.text) for __use_two_region_memory
    startup_stm32f10x_md.o(.text) refers to system_stm32f10x.o(i.SystemInit) for SystemInit
    startup_stm32f10x_md.o(.text) refers to __main.o(!!!main) for __main
    startup_stm32f10x_md.o(.text) refers to startup_stm32f10x_md.o(HEAP) for Heap_Mem
    startup_stm32f10x_md.o(.text) refers to startup_stm32f10x_md.o(STACK) for Stack_Mem
    system_stm32f10x.o(i.SetSysClock) refers to system_stm32f10x.o(i.SetSysClockTo72) for SetSysClockTo72
    system_stm32f10x.o(i.SystemCoreClockUpdate) refers to system_stm32f10x.o(.data) for SystemCoreClock
    system_stm32f10x.o(i.SystemInit) refers to system_stm32f10x.o(i.SetSysClock) for SetSysClock
    stm32f10x_adc.o(i.ADC_DeInit) refers to stm32f10x_rcc.o(i.RCC_APB2PeriphResetCmd) for RCC_APB2PeriphResetCmd
    stm32f10x_bkp.o(i.BKP_DeInit) refers to stm32f10x_rcc.o(i.RCC_BackupResetCmd) for RCC_BackupResetCmd
    stm32f10x_can.o(i.CAN_DeInit) refers to stm32f10x_rcc.o(i.RCC_APB1PeriphResetCmd) for RCC_APB1PeriphResetCmd
    stm32f10x_can.o(i.CAN_GetITStatus) refers to stm32f10x_can.o(i.CheckITStatus) for CheckITStatus
    stm32f10x_cec.o(i.CEC_DeInit) refers to stm32f10x_rcc.o(i.RCC_APB1PeriphResetCmd) for RCC_APB1PeriphResetCmd
    stm32f10x_dac.o(i.DAC_DeInit) refers to stm32f10x_rcc.o(i.RCC_APB1PeriphResetCmd) for RCC_APB1PeriphResetCmd
    stm32f10x_flash.o(i.FLASH_EnableWriteProtection) refers to stm32f10x_flash.o(i.FLASH_WaitForLastOperation) for FLASH_WaitForLastOperation
    stm32f10x_flash.o(i.FLASH_EraseAllBank1Pages) refers to stm32f10x_flash.o(i.FLASH_WaitForLastBank1Operation) for FLASH_WaitForLastBank1Operation
    stm32f10x_flash.o(i.FLASH_EraseAllPages) refers to stm32f10x_flash.o(i.FLASH_WaitForLastOperation) for FLASH_WaitForLastOperation
    stm32f10x_flash.o(i.FLASH_EraseOptionBytes) refers to stm32f10x_flash.o(i.FLASH_GetReadOutProtectionStatus) for FLASH_GetReadOutProtectionStatus
    stm32f10x_flash.o(i.FLASH_EraseOptionBytes) refers to stm32f10x_flash.o(i.FLASH_WaitForLastOperation) for FLASH_WaitForLastOperation
    stm32f10x_flash.o(i.FLASH_ErasePage) refers to stm32f10x_flash.o(i.FLASH_WaitForLastOperation) for FLASH_WaitForLastOperation
    stm32f10x_flash.o(i.FLASH_ProgramHalfWord) refers to stm32f10x_flash.o(i.FLASH_WaitForLastOperation) for FLASH_WaitForLastOperation
    stm32f10x_flash.o(i.FLASH_ProgramOptionByteData) refers to stm32f10x_flash.o(i.FLASH_WaitForLastOperation) for FLASH_WaitForLastOperation
    stm32f10x_flash.o(i.FLASH_ProgramWord) refers to stm32f10x_flash.o(i.FLASH_WaitForLastOperation) for FLASH_WaitForLastOperation
    stm32f10x_flash.o(i.FLASH_ReadOutProtection) refers to stm32f10x_flash.o(i.FLASH_WaitForLastOperation) for FLASH_WaitForLastOperation
    stm32f10x_flash.o(i.FLASH_UserOptionByteConfig) refers to stm32f10x_flash.o(i.FLASH_WaitForLastOperation) for FLASH_WaitForLastOperation
    stm32f10x_flash.o(i.FLASH_WaitForLastBank1Operation) refers to stm32f10x_flash.o(i.FLASH_GetBank1Status) for FLASH_GetBank1Status
    stm32f10x_flash.o(i.FLASH_WaitForLastOperation) refers to stm32f10x_flash.o(i.FLASH_GetBank1Status) for FLASH_GetBank1Status
[...]
    i.LEDzx_OFF                              0x08002328   Section        0  led.o(i.LEDzx_OFF)
    i.LEDzx_ON                               0x08002338   Section        0  led.o(i.LEDzx_ON)
    i.MPU6050_GetData                        0x08002348   Section        0  mpu6050.o(i.MPU6050_GetData)
    i.MPU6050_Init                           0x080023f4   Section        0  mpu6050.o(i.MPU6050_Init)
    i.MPU6050_ReadReg                        0x0800243c   Section        0  mpu6050.o(i.MPU6050_ReadReg)
    i.MPU6050_WriteReg                       0x0800247a   Section        0  mpu6050.o(i.MPU6050_WriteReg)
    i.MemManage_Handler                      0x080024a8   Section        0  stm32f10x_it.o(i.MemManage_Handler)
    i.MyI2C_Init                             0x080024ac   Section        0  myi2c.o(i.MyI2C_Init)
    i.MyI2C_R_SDA                            0x080024e4   Section        0  myi2c.o(i.MyI2C_R_SDA)
    i.MyI2C_ReceiveAck                       0x08002500   Section        0  myi2c.o(i.MyI2C_ReceiveAck)
    i.MyI2C_ReceiveByte                      0x0800251e   Section        0  myi2c.o(i.MyI2C_ReceiveByte)
    i.MyI2C_SendAck                          0x08002552   Section        0  myi2c.o(i.MyI2C_SendAck)
    i.MyI2C_SendByte                         0x0800256a   Section        0  myi2c.o(i.MyI2C_SendByte)
    i.MyI2C_Start                            0x08002594   Section        0  myi2c.o(i.MyI2C_Start)
    i.MyI2C_Stop                             0x080025b0   Section        0  myi2c.o(i.MyI2C_Stop)
    i.MyI2C_W_SCL                            0x080025c8   Section        0  myi2c.o(i.MyI2C_W_SCL)
    i.MyI2C_W_SDA                            0x080025e4   Section        0  myi2c.o(i.MyI2C_W_SDA)
    i.NMI_Handler                            0x08002600   Section        0  stm32f10x_it.o(i.NMI_Handler)
    i.NVIC_Init                              0x08002604   Section        0  misc.o(i.NVIC_Init)
    i.NVIC_PriorityGroupConfig               0x08002674   Section        0  misc.o(i.NVIC_PriorityGroupConfig)
    i.OLED_Clear                             0x08002688   Section        0  oled.o(i.OLED_Clear)
    i.OLED_I2C_Init                          0x080026b4   Section        0  oled.o(i.OLED_I2C_Init)
    i.OLED_I2C_SendByte                      0x08002704   Section        0  oled.o(i.OLED_I2C_SendByte)
    i.OLED_I2C_Start                         0x08002758   Section        0  oled.o(i.OLED_I2C_Start)
    i.OLED_I2C_Stop                          0x0800278c   Section        0  oled.o(i.OLED_I2C_Stop)
    i.OLED_Init                              0x080027b4   Section        0  oled.o(i.OLED_Init)
    i.OLED_SetCursor                         0x08002862   Section        0  oled.o(i.OLED_SetCursor)
    i.OLED_ShowChar                          0x08002884   Section        0  oled.o(i.OLED_ShowChar)
    i.OLED_ShowString                        0x080028f8   Section        0  oled.o(i.OLED_ShowString)
    i.OLED_WriteCommand                      0x08002920   Section        0  oled.o(i.OLED_WriteCommand)
    i.OLED_WriteData                         0x08002940   Section        0  oled.o(i.OLED_WriteData)
    i.PendSV_Handler                         0x08002960   Section        0  stm32f10x_it.o(i.PendSV_Handler)
    i.RCC_APB1PeriphClockCmd                 0x08002964   Section        0  stm32f10x_rcc.o(i.RCC_APB1PeriphClockCmd)
    i.RCC_APB2PeriphClockCmd                 0x08002984   Section        0  stm32f10x_rcc.o(i.RCC_APB2PeriphClockCmd)
    i.RCC_GetClocksFreq                      0x080029a4   Section        0  stm32f10x_rcc.o(i.RCC_GetClocksFreq)
    i.SVC_Handler                            0x08002a78   Section        0  stm32f10x_it.o(i.SVC_Handler)
    i.Serial_GetRxFlag                       0x08002a7c   Section        0  serial.o(i.Serial_GetRxFlag)
    i.Serial_Init                            0x08002a98   Section        0  serial.o(i.Serial_Init)
    i.SetSysClock                            0x08002b50   Section        0  system_stm32f10x.o(i.SetSysClock)
    SetSysClock                              0x08002b51   Thumb Code     8  system_stm32f10x.o(i.SetSysClock)
    i.SetSysClockTo72                        0x08002b58   Section        0  system_stm32f10x.o(i.SetSysClockTo72)
    SetSysClockTo72                          0x08002b59   Thumb Code   214  system_stm32f10x.o(i.SetSysClockTo72)
    i.SysTick_Handler                        0x08002c38   Section        0  stm32f10x_it.o(i.SysTick_Handler)
    i.SystemInit                             0x08002c3c   Section        0  system_stm32f10x.o(i.SystemInit)
    i.USART1_IRQHandler                      0x08002c9c   Section        0  serial.o(i.USART1_IRQHandler)
    i.USART2_IRQHandler                      0x08002d3c   Section        0  gps.o(i.USART2_IRQHandler)
    i.USART_ClearITPendingBit                0x08002f18   Section        0  stm32f10x_usart.o(i.USART_ClearITPendingBit)
    i.USART_Cmd                              0x08002f36   Section        0  stm32f10x_usart.o(i.USART_Cmd)
    i.USART_GetITStatus                      0x08002f4e   Section        0  stm32f10x_usart.o(i.USART_GetITStatus)
    i.USART_ITConfig                         0x08002fa2   Section        0  stm32f10x_usart.o(i.USART_ITConfig)
    i.USART_Init                             0x08002fec   Section        0  stm32f10x_usart.o(i.USART_Init)
    i.USART_ReceiveData                      0x080030c4   Section        0  stm32f10x_usart.o(i.USART_ReceiveData)
    i.UsageFault_Handler                     0x080030ce   Section        0  stm32f10x_it.o(i.UsageFault_Handler)
    i.__ARM_fpclassify                       0x080030d2   Section        0  fpclassify.o(i.__ARM_fpclassify)
    i.__kernel_poly                          0x080030fa   Section        0  poly.o(i.__kernel_poly)
    i.__mathlib_dbl_infnan                   0x080031a4   Section        0  dunder.o(i.__mathlib_dbl_infnan)
    i.__mathlib_dbl_invalid                  0x080031aa   Section        0  dunder.o(i.__mathlib_dbl_invalid)
    i.__mathlib_dbl_overflow                 0x080031b6   Section        0  dunder.o(i.__mathlib_dbl_overflow)
    i.__mathlib_dbl_underflow                0x080031c4   Section        0  dunder.o(i.__mathlib_dbl_underflow)
    i.__mathlib_narrow                       0x080031d4   Section        0  narrow.o(i.__mathlib_narrow)
    i.__mathlib_tofloat                      0x080031e4   Section        0  narrow.o(i.__mathlib_tofloat)
    i.__support_ldexp                        0x080032a0   Section        0  ldexp.o(i.__support_ldexp)
    i._is_digit                              0x080032b6   Section        0  __printf_wp.o(i._is_digit)
    i.acos                                   0x080032c4   Section        0  acos.o(i.acos)
    i.atan                                   0x08003540   Section        0  atan.o(i.atan)
    i.atof                                   0x08003760   Section        0  atof.o(i.atof)
    i.frexp                                  0x0800378c   Section        0  frexp.o(i.frexp)
    i.ldexp                                  0x080037e4   Section        0  ldexp.o(i.ldexp)
    i.main                                   0x08003858   Section        0  main.o(i.main)
    i.sqrt                                   0x08003e68   Section        0  sqrt.o(i.sqrt)
    locale$$code                             0x08003eb4   Section       44  lc_numeric_c.o(locale$$code)
    locale$$code                             0x08003ee0   Section       44  lc_ctype_c.o(locale$$code)
    x$fpl$d2f                                0x08003f0c   Section       98  d2f.o(x$fpl$d2f)
    x$fpl$dadd                               0x08003f70   Section      336  daddsub_clz.o(x$fpl$dadd)
    _dadd1                                   0x08003f81   Thumb Code     0  daddsub_clz.o(x$fpl$dadd)
    x$fpl$dcheck1                            0x080040c0   Section       16  dcheck1.o(x$fpl$dcheck1)
    x$fpl$dcmpinf                            0x080040d0   Section       24  dcmpi.o(x$fpl$dcmpinf)
    x$fpl$ddiv                               0x080040e8   Section      688  ddiv.o(x$fpl$ddiv)
    ddiv_entry                               0x080040ef   Thumb Code     0  ddiv.o(x$fpl$ddiv)
    x$fpl$deqf                               0x08004398   Section      120  deqf.o(x$fpl$deqf)
    x$fpl$dfix                               0x08004410   Section       94  dfix.o(x$fpl$dfix)
    x$fpl$dfixu                              0x08004470   Section       90  dfixu.o(x$fpl$dfixu)
    x$fpl$dflt                               0x080044ca   Section       46  dflt_clz.o(x$fpl$dflt)
    x$fpl$dleqf                              0x080044f8   Section      120  dleqf.o(x$fpl$dleqf)
    x$fpl$dmul                               0x08004570   Section      340  dmul.o(x$fpl$dmul)
    x$fpl$dnaninf                            0x080046c4   Section      156  dnaninf.o(x$fpl$dnaninf)
    x$fpl$dretinf                            0x08004760   Section       12  dretinf.o(x$fpl$dretinf)
    x$fpl$drleqf                             0x0800476c   Section      108  drleqf.o(x$fpl$drleqf)
    x$fpl$drsb                               0x080047d8   Section       22  daddsub_clz.o(x$fpl$drsb)
    x$fpl$dsqrt                              0x080047f0   Section      460  dsqrt_noumaal.o(x$fpl$dsqrt)
    x$fpl$dsub                               0x080049bc   Section      468  daddsub_clz.o(x$fpl$dsub)
    _dsub1                                   0x080049cd   Thumb Code     0  daddsub_clz.o(x$fpl$dsub)
    x$fpl$fadd                               0x08004b90   Section      196  faddsub_clz.o(x$fpl$fadd)
    _fadd1                                   0x08004b9f   Thumb Code     0  faddsub_clz.o(x$fpl$fadd)
    x$fpl$fcmpinf                            0x08004c54   Section       24  fcmpi.o(x$fpl$fcmpinf)
    x$fpl$fflt                               0x08004c6c   Section       48  fflt_clz.o(x$fpl$fflt)
    x$fpl$fleqf                              0x08004c9c   Section      104  fleqf.o(x$fpl$fleqf)
    x$fpl$fnaninf                            0x08004d04   Section      140  fnaninf.o(x$fpl$fnaninf)
    x$fpl$fretinf                            0x08004d90   Section       10  fretinf.o(x$fpl$fretinf)
    x$fpl$fsub                               0x08004d9c   Section      234  faddsub_clz.o(x$fpl$fsub)
    _fsub1                                   0x08004dab   Thumb Code     0  faddsub_clz.o(x$fpl$fsub)
    x$fpl$ieeestatus                         0x08004e86   Section        6  istatus.o(x$fpl$ieeestatus)
    x$fpl$printf1                            0x08004e8c   Section        4  printf1.o(x$fpl$printf1)
    x$fpl$retnan                             0x08004e90   Section      100  retnan.o(x$fpl$retnan)
    x$fpl$scalbn                             0x08004ef4   Section       92  scalbn.o(x$fpl$scalbn)
    x$fpl$scanf1                             0x08004f50   Section        4  scanf1.o(x$fpl$scanf1)
    x$fpl$scanf2                             0x08004f54   Section        8  scanf2.o(x$fpl$scanf2)
    x$fpl$trapveneer                         0x08004f5c   Section       48  trapv.o(x$fpl$trapveneer)
    .constdata                               0x08004f8c   Section     1520  oled.o(.constdata)
    x$fpl$usenofp                            0x08004f8c   Section        0  usenofp.o(x$fpl$usenofp)
    .constdata                               0x0800557c   Section       17  __printf_flags_ss_wp.o(.constdata)
    maptable                                 0x0800557c   Data          17  __printf_flags_ss_wp.o(.constdata)
    .constdata                               0x08005590   Section       80  acos.o(.constdata)
    pS                                       0x08005590   Data          48  acos.o(.constdata)
    qS                                       0x080055c0   Data          32  acos.o(.constdata)
    .constdata                               0x080055e0   Section      152  atan.o(.constdata)
    atanhi                                   0x080055e0   Data          32  atan.o(.constdata)
    atanlo                                   0x08005600   Data          32  atan.o(.constdata)
    aTodd                                    0x08005620   Data          40  atan.o(.constdata)
    aTeven                                   0x08005648   Data          48  atan.o(.constdata)
    .constdata                               0x08005678   Section      148  bigflt0.o(.constdata)
    tenpwrs_x                                0x08005678   Data          60  bigflt0.o(.constdata)
    tenpwrs_i                                0x080056b4   Data          64  bigflt0.o(.constdata)
    c$$dinf                                  0x0800572c   Section        8  fpconst.o(c$$dinf)
    c$$dmax                                  0x08005734   Section        8  fpconst.o(c$$dmax)
    locale$$data                             0x0800573c   Section       28  lc_numeric_c.o(locale$$data)
    __lcnum_c_name                           0x08005740   Data           2  lc_numeric_c.o(locale$$data)
    __lcnum_c_start                          0x08005748   Data           0  lc_numeric_c.o(locale$$data)
    __lcnum_c_point                          0x08005754   Data           0  lc_numeric_c.o(locale$$data)
    __lcnum_c_thousands                      0x08005756   Data           0  lc_numeric_c.o(locale$$data)
    __lcnum_c_grouping                       0x08005757   Data           0  lc_numeric_c.o(locale$$data)
    locale$$data                             0x08005758   Section      272  lc_ctype_c.o(locale$$data)
    __lcnum_c_end                            0x08005758   Data           0  lc_numeric_c.o(locale$$data)
    __lcctype_c_name                         0x0800575c   Data           2  lc_ctype_c.o(locale$$data)
    __lcctype_c_start                        0x08005764   Data           0  lc_ctype_c.o(locale$$data)
    __lcctype_c_end                          0x08005868   Data           0  lc_ctype_c.o(locale$$data)
    .data                                    0x20000000   Section       20  stm32f10x_rcc.o(.data)
    APBAHBPrescTable                         0x20000000   Data          16  stm32f10x_rcc.o(.data)
    ADCPrescTable                            0x20000010   Data           4  stm32f10x_rcc.o(.data)
    .data                                    0x20000018   Section       92  main.o(.data)
    .data                                    0x20000074   Section        3  serial.o(.data)
    RxState                                  0x20000075   Data           1  serial.o(.data)
    pRxPacket                                0x20000076   Data           1  serial.o(.data)
    .data                                    0x20000078   Section       26  gps.o(.data)
    .data                                    0x20000094   Section        4  strtok.o(.data)
    _strtok_saves1                           0x20000094   Data           4  strtok.o(.data)
    .bss                                     0x20000098   Section      204  main.o(.bss)
    .bss                                     0x20000164   Section      100  serial.o(.bss)
    .bss                                     0x200001c8   Section       50  gps.o(.bss)
    .bss                                     0x200001fc   Section       96  libspace.o(.bss)
    HEAP                                     0x20000260   Section      512  startup_stm32f10x_md.o(HEAP)
    Heap_Mem                                 0x20000260   Data         512  startup_stm32f10x_md.o(HEAP)
    STACK                                    0x20000460   Section     1024  startup_stm32f10x_md.o(STACK)
    Stack_Mem                                0x20000460   Data        1024  startup_stm32f10x_md.o(STACK)
    __initial_sp                             0x20000860   Data           0  startup_stm32f10x_md.o(STACK)

    Global Symbols

    Symbol Name                              Value     Ov Type        Size  Object(Section)

    BuildAttributes$$THM_ISAv4$P$D$K$B$S$PE$A:L22UL41UL21$X:L11$S22US41US21$IEEE1$IW$USESV6$~STKCKD$USESV7$~SHL$OTIME$ROPI$IEEEX$EBA8$UX$STANDARDLIB$REQ8$PRES8$EABIv2 0x00000000   Number         0  anon$$obj.o ABSOLUTE
    __ARM_use_no_argv                        0x00000000   Number         0  main.o ABSOLUTE
    _printf_flags                            0x00000000   Number         0  printf_stubs.o ABSOLUTE
    _printf_return_value                     0x00000000   Number         0  printf_stubs.o ABSOLUTE
    _printf_sizespec                         0x00000000   Number         0  printf_stubs.o ABSOLUTE
    _printf_widthprec                        0x00000000   Number         0  printf_stubs.o ABSOLUTE
    __ARM_exceptions_init                     - Undefined Weak Reference
    __alloca_initialize                       - Undefined Weak Reference
    __arm_preinit_                            - Undefined Weak Reference
    __cpp_initialize__aeabi_                  - Undefined Weak Reference
    __cxa_finalize                            - Undefined Weak Reference
    __sigvec_lookup                           - Undefined Weak Reference
    _atexit_init                              - Undefined Weak Reference
    _call_atexit_fns                          - Undefined Weak Reference
    _clock_init                               - Undefined Weak Reference
    _fp_trap_init                             - Undefined Weak Reference
    _fp_trap_shutdown                         - Undefined Weak Reference
    _get_lc_collate                           - Undefined Weak Reference
    _get_lc_monetary                          - Undefined Weak Reference
    _get_lc_time                              - Undefined Weak Reference
    _getenv_init                              - Undefined Weak Reference
    _handle_redirection                       - Undefined Weak Reference
    _init_alloc                               - Undefined Weak Reference
    _init_user_alloc                          - Undefined Weak Reference
    _initio                                   - Undefined Weak Reference
    _printf_mbtowc                            - Undefined Weak Reference
    _printf_wc                                - Undefined Weak Reference
    _rand_init                                - Undefined Weak Reference
    _signal_finish                            - Undefined Weak Reference
    _signal_init                              - Undefined Weak Reference
    _terminate_alloc                          - Undefined Weak Reference
    _terminate_user_alloc                     - Undefined Weak Reference
    _terminateio                              - Undefined Weak Reference
    __Vectors_Size                           0x000000ec   Number         0  startup_stm32f10x_md.o ABSOLUTE
    __Vectors                                0x08000000   Data           4  startup_stm32f10x_md.o(RESET)
    __Vectors_End                            0x080000ec   Data           0  startup_stm32f10x_md.o(RESET)
    __main                                   0x080000ed   Thumb Code     8  __main.o(!!!main)
    __scatterload                            0x080000f5   Thumb Code     0  __scatter.o(!!!scatter)
    __scatterload_rt2                        0x080000f5   Thumb Code    44  __scatter.o(!!!scatter)
    __scatterload_rt2_thumb_only             0x080000f5   Thumb Code     0  __scatter.o(!!!scatter)
    __scatterload_null                       0x08000103   Thumb Code     0  __scatter.o(!!!scatter)
    __scatterload_copy                       0x08000129   Thumb Code    26  __scatter_copy.o(!!handler_copy)
    __scatterload_zeroinit                   0x08000145   Thumb Code    28  __scatter_zi.o(!!handler_zi)
    _printf_f                                0x08000161   Thumb Code     0  _printf_f.o(.ARM.Collect$$_printf_percent$$00000003)
    _printf_percent                          0x08000161   Thumb Code     0  _printf_percent.o(.ARM.Collect$$_printf_percent$$00000000)
    _printf_percent_end                      0x08000167   Thumb Code     0  _printf_percent_end.o(.ARM.Collect$$_printf_percent$$00000017)
    __rt_lib_init                            0x0800016b   Thumb Code     0  libinit.o(.ARM.Collect$$libinit$$00000000)
    __rt_lib_init_fp_1                       0x0800016d   Thumb Code     0  libinit2.o(.ARM.Collect$$libinit$$00000002)
    __rt_lib_init_heap_1                     0x0800016d   Thumb Code     0  libinit2.o(.ARM.Collect$$libinit$$0000000A)
    __rt_lib_init_lc_common                  0x0800016d   Thumb Code     0  libinit2.o(.ARM.Collect$$libinit$$0000000F)
    __rt_lib_init_preinit_1                  0x0800016d   Thumb Code     0  libinit2.o(.ARM.Collect$$libinit$$00000004)
    __rt_lib_init_rand_1                     0x0800016d   Thumb Code     0  libinit2.o(.ARM.Collect$$libinit$$0000000E)
    __rt_lib_init_user_alloc_1               0x0800016d   Thumb Code     0  libinit2.o(.ARM.Collect$$libinit$$0000000C)
    __rt_lib_init_lc_collate_1               0x08000173   Thumb Code     0  libinit2.o(.ARM.Collect$$libinit$$00000011)
    __rt_lib_init_lc_ctype_2                 0x08000173   Thumb Code     0  libinit2.o(.ARM.Collect$$libinit$$00000012)
    __rt_lib_init_lc_ctype_1                 0x0800017f   Thumb Code     0  libinit2.o(.ARM.Collect$$libinit$$00000013)
    __rt_lib_init_lc_monetary_1              0x0800017f   Thumb Code     0  libinit2.o(.ARM.Collect$$libinit$$00000015)
    __rt_lib_init_lc_numeric_2               0x0800017f   Thumb Code     0  libinit2.o(.ARM.Collect$$libinit$$00000016)
    __rt_lib_init_alloca_1                   0x08000189   Thumb Code     0  libinit2.o(.ARM.Collect$$libinit$$0000002E)
    __rt_lib_init_argv_1                     0x08000189   Thumb Code     0  libinit2.o(.ARM.Collect$$libinit$$0000002C)
    __rt_lib_init_atexit_1                   0x08000189   Thumb Code     0  libinit2.o(.ARM.Collect$$libinit$$0000001B)
    __rt_lib_init_clock_1                    0x08000189   Thumb Code     0  libinit2.o(.ARM.Collect$$libinit$$00000021)
    __rt_lib_init_cpp_1                      0x08000189   Thumb Code     0  libinit2.o(.ARM.Collect$$libinit$$00000032)
    __rt_lib_init_exceptions_1               0x08000189   Thumb Code     0  libinit2.o(.ARM.Collect$$libinit$$00000030)
    __rt_lib_init_fp_trap_1                  0x08000189   Thumb Code     0  libinit2.o(.ARM.Collect$$libinit$$0000001F)
    __rt_lib_init_getenv_1                   0x08000189   Thumb Code     0  libinit2.o(.ARM.Collect$$libinit$$00000023)
    __rt_lib_init_lc_numeric_1               0x08000189   Thumb Code     0  libinit2.o(.ARM.Collect$$libinit$$00000017)
    __rt_lib_init_lc_time_1                  0x08000189   Thumb Code     0  libinit2.o(.ARM.Collect$$libinit$$00000019)
    __rt_lib_init_return                     0x08000189   Thumb Code     0  libinit2.o(.ARM.Collect$$libinit$$00000033)
    __rt_lib_init_signal_1                   0x08000189   Thumb Code     0  libinit2.o(.ARM.Collect$$libinit$$0000001D)
    __rt_lib_init_stdio_1                    0x08000189   Thumb Code     0  libinit2.o(.ARM.Collect$$libinit$$00000025)
    __rt_lib_shutdown                        0x0800018b   Thumb Code     0  libshutdown.o(.ARM.Collect$$libshutdown$$00000000)
    __rt_lib_shutdown_cpp_1                  0x0800018d   Thumb Code     0  libshutdown2.o(.ARM.Collect$$libshutdown$$00000002)
    __rt_lib_shutdown_fp_trap_1              0x0800018d   Thumb Code     0  libshutdown2.o(.ARM.Collect$$libshutdown$$00000007)
    __rt_lib_shutdown_heap_1                 0x0800018d   Thumb Code     0  libshutdown2.o(.ARM.Collect$$libshutdown$$0000000F)
    __rt_lib_shutdown_return                 0x0800018d   Thumb Code     0  libshutdown2.o(.ARM.Collect$$libshutdown$$00000010)
    __rt_lib_shutdown_signal_1               0x0800018d   Thumb Code     0  libshutdown2.o(.ARM.Collect$$libshutdown$$0000000A)
    __rt_lib_shutdown_stdio_1                0x0800018d   Thumb Code     0  libshutdown2.o(.ARM.Collect$$libshutdown$$00000004)
    __rt_lib_shutdown_user_alloc_1           0x0800018d   Thumb Code     0  libshutdown2.o(.ARM.Collect$$libshutdown$$0000000C)
    __rt_entry                               0x0800018f   Thumb Code     0  __rtentry.o(.ARM.Collect$$rtentry$$00000000)
    __rt_entry_presh_1                       0x0800018f   Thumb Code     0  __rtentry2.o(.ARM.Collect$$rtentry$$00000002)
    __rt_entry_sh                            0x0800018f   Thumb Code     0  __rtentry4.o(.ARM.Collect$$rtentry$$00000004)
    __rt_entry_li                            0x08000195   Thumb Code     0  __rtentry2.o(.ARM.Collect$$rtentry$$0000000A)
    __rt_entry_postsh_1                      0x08000195   Thumb Code     0  __rtentry2.o(.ARM.Collect$$rtentry$$00000009)
    __rt_entry_main                          0x08000199   Thumb Code     0  __rtentry2.o(.ARM.Collect$$rtentry$$0000000D)
    __rt_entry_postli_1                      0x08000199   Thumb Code     0  __rtentry2.o(.ARM.Collect$$rtentry$$0000000C)
    __rt_exit                                0x080001a1   Thumb Code     0  rtexit.o(.ARM.Collect$$rtexit$$00000000)
    __rt_exit_ls                             0x080001a3   Thumb Code     0  rtexit2.o(.ARM.Collect$$rtexit$$00000003)
    __rt_exit_prels_1                        0x080001a3   Thumb Code     0  rtexit2.o(.ARM.Collect$$rtexit$$00000002)
    __rt_exit_exit                           0x080001a7   Thumb Code     0  rtexit2.o(.ARM.Collect$$rtexit$$00000004)
    Reset_Handler                            0x080001ad   Thumb Code     8  startup_stm32f10x_md.o(.text)
    ADC1_2_IRQHandler                        0x080001c7   Thumb Code     0  startup_stm32f10x_md.o(.text)
    CAN1_RX1_IRQHandler                      0x080001c7   Thumb Code     0  startup_stm32f10x_md.o(.text)
    CAN1_SCE_IRQHandler                      0x080001c7   Thumb Code     0  startup_stm32f10x_md.o(.text)
    DMA1_Channel1_IRQHandler                 0x080001c7   Thumb Code     0  startup_stm32f10x_md.o(.text)
    DMA1_Channel2_IRQHandler                 0x080001c7   Thumb Code     0  startup_stm32f10x_md.o(.text)
    DMA1_Channel3_IRQHandler                 0x080001c7   Thumb Code     0  startup_stm32f10x_md.o(.text)
    DMA1_Channel4_IRQHandler                 0x080001c7   Thumb Code     0  startup_stm32f10x_md.o(.text)
    DMA1_Channel5_IRQHandler                 0x080001c7   Thumb Code     0  startup_stm32f10x_md.o(.text)
    DMA1_Channel6_IRQHandler                 0x080001c7   Thumb Code     0  startup_stm32f10x_md.o(.text)
    DMA1_Channel7_IRQHandler                 0x080001c7   Thumb Code     0  startup_stm32f10x_md.o(.text)
    EXTI0_IRQHandler                         0x080001c7   Thumb Code     0  startup_stm32f10x_md.o(.text)
    EXTI15_10_IRQHandler                     0x080001c7   Thumb Code     0  startup_stm32f10x_md.o(.text)
    EXTI1_IRQHandler                         0x080001c7   Thumb Code     0  startup_stm32f10x_md.o(.text)
    EXTI2_IRQHandler                         0x080001c7   Thumb Code     0  startup_stm32f10x_md.o(.text)
    EXTI3_IRQHandler                         0x080001c7   Thumb Code     0  startup_stm32f10x_md.o(.text)
    EXTI4_IRQHandler                         0x080001c7   Thumb Code     0  startup_stm32f10x_md.o(.text)
    EXTI9_5_IRQHandler                       0x080001c7   Thumb Code     0  startup_stm32f10x_md.o(.text)
    FLASH_IRQHandler                         0x080001c7   Thumb Code     0  startup_stm32f10x_md.o(.text)
    I2C1_ER_IRQHandler                       0x080001c7   Thumb Code     0  startup_stm32f10x_md.o(.text)
    I2C1_EV_IRQHandler                       0x080001c7   Thumb Code     0  startup_stm32f10x_md.o(.text)
    I2C2_ER_IRQHandler                       0x080001c7   Thumb Code     0  startup_stm32f10x_md.o(.text)
    I2C2_EV_IRQHandler                       0x080001c7   Thumb Code     0  startup_stm32f10x_md.o(.text)
    PVD_IRQHandler                           0x080001c7   Thumb Code     0  startup_stm32f10x_md.o(.text)
    RCC_IRQHandler                           0x080001c7   Thumb Code     0  startup_stm32f10x_md.o(.text)
    RTCAlarm_IRQHandler                      0x080001c7   Thumb Code     0  startup_stm32f10x_md.o(.text)
    RTC_IRQHandler                           0x080001c7   Thumb Code     0  startup_stm32f10x_md.o(.text)
    SPI1_IRQHandler                          0x080001c7   Thumb Code     0  startup_stm32f10x_md.o(.text)
    SPI2_IRQHandler                          0x080001c7   Thumb Code     0  startup_stm32f10x_md.o(.text)
    TAMPER_IRQHandler                        0x080001c7   Thumb Code     0  startup_stm32f10x_md.o(.text)
    TIM1_BRK_IRQHandler                      0x080001c7   Thumb Code     0  startup_stm32f10x_md.o(.text)
    TIM1_CC_IRQHandler                       0x080001c7   Thumb Code     0  startup_stm32f10x_md.o(.text)
    TIM1_TRG_COM_IRQHandler                  0x080001c7   Thumb Code     0  startup_stm32f10x_md.o(.text)
    TIM1_UP_IRQHandler                       0x080001c7   Thumb Code     0  startup_stm32f10x_md.o(.text)
    TIM2_IRQHandler                          0x080001c7   Thumb Code     0  startup_stm32f10x_md.o(.text)
    TIM3_IRQHandler                          0x080001c7   Thumb Code     0  startup_stm32f10x_md.o(.text)
    TIM4_IRQHandler                          0x080001c7   Thumb Code     0  startup_stm32f10x_md.o(.text)
    USART3_IRQHandler                        0x080001c7   Thumb Code     0  startup_stm32f10x_md.o(.text)
    USBWakeUp_IRQHandler                     0x080001c7   Thumb Code     0  startup_stm32f10x_md.o(.text)
    USB_HP_CAN1_TX_IRQHandler                0x080001c7   Thumb Code     0  startup_stm32f10x_md.o(.text)
    USB_LP_CAN1_RX0_IRQHandler               0x080001c7   Thumb Code     0  startup_stm32f10x_md.o(.text)
    WWDG_IRQHandler                          0x080001c7   Thumb Code     0  startup_stm32f10x_md.o(.text)
    __user_initial_stackheap                 0x080001c9   Thumb Code     0  startup_stm32f10x_md.o(.text)
    __2sprintf                               0x080001ed   Thumb Code    38  __2sprintf.o(.text)
    __printf                                 0x08000219   Thumb Code   388  __printf_flags_ss_wp.o(.text)
    strtok                                   0x080003a1   Thumb Code     6  strtok.o(.text)
    strlen                                   0x080003ad   Thumb Code    62  strlen.o(.text)
    strcmp                                   0x080003ed   Thumb Code   128  strcmpv7m.o(.text)
    __use_two_region_memory                  0x0800046d   Thumb Code     2  heapauxi.o(.text)
    __rt_heap_escrow$2region                 0x0800046f   Thumb Code     2  heapauxi.o(.text)
    __rt_heap_expand$2region                 0x08000471   Thumb Code     2  heapauxi.o(.text)
    __read_errno                             0x08000473   Thumb Code    10  _rserrno.o(.text)
    __set_errno                              0x0800047d   Thumb Code    12  _rserrno.o(.text)
    __lib_sel_fp_printf                      0x08000489   Thumb Code     2  _printf_fp_dec.o(.text)
    _printf_fp_dec_real                      0x0800063b   Thumb Code   620  _printf_fp_dec.o(.text)
    _printf_char_common                      0x080008b3   Thumb Code    32  _printf_char_common.o(.text)
    _sputc                                   0x080008d9   Thumb Code    10  _sputc.o(.text)
    __strtod_int                             0x08000921   Thumb Code    90  strtod.o(.text)
    __strtok_internal                        0x08000989   Thumb Code    64  strtok_int.o(.text)
    __rt_locale                              0x080009cd   Thumb Code     8  rt_locale_intlibspace.o(.text)
    __aeabi_errno_addr                       0x080009d5   Thumb Code     8  rt_errno_addr_intlibspace.o(.text)
    __errno$intlibspace                      0x080009d5   Thumb Code     0  rt_errno_addr_intlibspace.o(.text)
    __rt_errno_addr$intlibspace              0x080009d5   Thumb Code     0  rt_errno_addr_intlibspace.o(.text)
    _ll_udiv10                               0x080009dd   Thumb Code   138  lludiv10.o(.text)
    isspace                                  0x08000a67   Thumb Code    18  isspace.o(.text)
    _printf_fp_infnan                        0x08000a79   Thumb Code   112  _printf_fp_infnan.o(.text)
    _sgetc                                   0x08000af9   Thumb Code    30  _sgetc.o(.text)
    _sbackspace                              0x08000b17   Thumb Code    34  _sgetc.o(.text)
    _btod_etento                             0x08000b39   Thumb Code   224  bigflt0.o(.text)
    strcspn                                  0x08000c1d   Thumb Code    32  strcspn.o(.text)
    strspn                                   0x08000c3d   Thumb Code    28  strspn.o(.text)
    __user_libspace                          0x08000c59   Thumb Code     8  libspace.o(.text)
    __user_perproc_libspace                  0x08000c59   Thumb Code     0  libspace.o(.text)
    __user_perthread_libspace                0x08000c59   Thumb Code     0  libspace.o(.text)
    __user_setup_stackheap                   0x08000c61   Thumb Code    74  sys_stackheap_outer.o(.text)
    __rt_ctype_table                         0x08000cad   Thumb Code    16  rt_ctype_table.o(.text)
    _scanf_really_real                       0x08000f09   Thumb Code   684  scanf_fp.o(.text)
    exit                                     0x080011b5   Thumb Code    18  exit.o(.text)
    _scanf_really_hex_real                   0x080011c9   Thumb Code   786  scanf_hexfp.o(.text)
    _scanf_really_infnan                     0x080014e9   Thumb Code   292  scanf_infnan.o(.text)
    _sys_exit                                0x0800161d   Thumb Code     8  sys_exit.o(.text)
    __aeabi_llsl                             0x08001629   Thumb Code     0  llshl.o(.text)
    _ll_shift_l                              0x08001629   Thumb Code    38  llshl.o(.text)
    _chval                                   0x0800164f   Thumb Code    28  _chval.o(.text)
    __I$use$semihosting                      0x0800166b   Thumb Code     0  use_no_semi.o(.text)
    __use_no_semihosting_swi                 0x0800166b   Thumb Code     2  use_no_semi.o(.text)
    __semihosting_library_function           0x0800166d   Thumb Code     0  indicate_semi.o(.text)
    _btod_d2e                                0x0800166d   Thumb Code    62  btod.o(CL$$btod_d2e)
    _d2e_denorm_low                          0x080016ab   Thumb Code    70  btod.o(CL$$btod_d2e_denorm_low)
    _d2e_norm_op1                            0x080016f1   Thumb Code    96  btod.o(CL$$btod_d2e_norm_op1)
    __btod_div_common                        0x08001751   Thumb Code   696  btod.o(CL$$btod_div_common)
    _e2d                                     0x08001a89   Thumb Code   122  btod.o(CL$$btod_e2d)
    _e2e                                     0x08001b0d   Thumb Code   220  btod.o(CL$$btod_e2e)
    _btod_ediv                               0x08001be9   Thumb Code    42  btod.o(CL$$btod_ediv)
    _btod_edivd                              0x08001c13   Thumb Code    42  btod.o(CL$$btod_edivd)
    _btod_emul                               0x08001c3d   Thumb Code    42  btod.o(CL$$btod_emul)
    _btod_emuld                              0x08001c67   Thumb Code    42  btod.o(CL$$btod_emuld)
    __btod_mult_common                       0x08001c91   Thumb Code   580  btod.o(CL$$btod_mult_common)
    BusFault_Handler                         0x08001ed5   Thumb Code     4  stm32f10x_it.o(i.BusFault_Handler)
    DebugMon_Handler                         0x08001ed9   Thumb Code     2  stm32f10x_it.o(i.DebugMon_Handler)
    Delay_ms                                 0x08001edb   Thumb Code    24  delay.o(i.Delay_ms)
    Delay_us                                 0x08001ef3   Thumb Code    46  delay.o(i.Delay_us)
    GPIO_Init                                0x08001f21   Thumb Code   278  stm32f10x_gpio.o(i.GPIO_Init)
    GPIO_ReadInputDataBit                    0x08002037   Thumb Code    18  stm32f10x_gpio.o(i.GPIO_ReadInputDataBit)
    GPIO_ResetBits                           0x08002049   Thumb Code     4  stm32f10x_gpio.o(i.GPIO_ResetBits)
    GPIO_SetBits                             0x0800204d   Thumb Code     4  stm32f10x_gpio.o(i.GPIO_SetBits)
    GPIO_WriteBit                            0x08002051   Thumb Code    10  stm32f10x_gpio.o(i.GPIO_WriteBit)
    GPS_GetRxDataE                           0x0800205d   Thumb Code    14  gps.o(i.GPS_GetRxDataE)
    GPS_GetRxDataN                           0x08002071   Thumb Code    14  gps.o(i.GPS_GetRxDataN)
    GPS_GetRxFlag                            0x08002085   Thumb Code    22  gps.o(i.GPS_GetRxFlag)
    GPS_Init                                 0x080020a1   Thumb Code   160  gps.o(i.GPS_Init)
    HMC5883L_GetData                         0x08002149   Thumb Code    88  hmc5883l.o(i.HMC5883L_GetData)
    HMC5883L_Init                            0x080021a1   Thumb Code    32  hmc5883l.o(i.HMC5883L_Init)
    HMC5883L_ReadReg                         0x080021c1   Thumb Code    62  hmc5883l.o(i.HMC5883L_ReadReg)
    HMC5883L_WriteReg                        0x080021ff   Thumb Code    46  hmc5883l.o(i.HMC5883L_WriteReg)
    HardFault_Handler                        0x0800222d   Thumb Code     4  stm32f10x_it.o(i.HardFault_Handler)
    LED1_OFF                                 0x08002231   Thumb Code    14  led.o(i.LED1_OFF)
    LED1_ON                                  0x08002245   Thumb Code    14  led.o(i.LED1_ON)
    LED2_OFF                                 0x08002259   Thumb Code    14  led.o(i.LED2_OFF)
    LED2_ON                                  0x0800226d   Thumb Code    14  led.o(i.LED2_ON)
    LED3_OFF                                 0x08002281   Thumb Code    14  led.o(i.LED3_OFF)
    LED3_ON                                  0x08002295   Thumb Code    14  led.o(i.LED3_ON)
    LED4_OFF                                 0x080022a9   Thumb Code    14  led.o(i.LED4_OFF)
    LED4_ON                                  0x080022bd   Thumb Code    14  led.o(i.LED4_ON)
    LEDN_OFF                                 0x080022d1   Thumb Code    12  led.o(i.LEDN_OFF)
    LEDN_ON                                  0x080022e1   Thumb Code    12  led.o(i.LEDN_ON)
    LED_Init                                 0x080022f1   Thumb Code    50  led.o(i.LED_Init)
    LEDzx_OFF                                0x08002329   Thumb Code    12  led.o(i.LEDzx_OFF)
    LEDzx_ON                                 0x08002339   Thumb Code    12  led.o(i.LEDzx_ON)
    MPU6050_GetData                          0x08002349   Thumb Code   172  mpu6050.o(i.MPU6050_GetData)
    MPU6050_Init                             0x080023f5   Thumb Code    72  mpu6050.o(i.MPU6050_Init)
    MPU6050_ReadReg                          0x0800243d   Thumb Code    62  mpu6050.o(i.MPU6050_ReadReg)
    MPU6050_WriteReg                         0x0800247b   Thumb Code    46  mpu6050.o(i.MPU6050_WriteReg)
    MemManage_Handler                        0x080024a9   Thumb Code     4  stm32f10x_it.o(i.MemManage_Handler)
    MyI2C_Init                               0x080024ad   Thumb Code    50  myi2c.o(i.MyI2C_Init)
    MyI2C_R_SDA                              0x080024e5   Thumb Code    24  myi2c.o(i.MyI2C_R_SDA)
    MyI2C_ReceiveAck                         0x08002501   Thumb Code    30  myi2c.o(i.MyI2C_ReceiveAck)
    MyI2C_ReceiveByte                        0x0800251f   Thumb Code    52  myi2c.o(i.MyI2C_ReceiveByte)
    MyI2C_SendAck                            0x08002553   Thumb Code    24  myi2c.o(i.MyI2C_SendAck)
    MyI2C_SendByte                           0x0800256b   Thumb Code    42  myi2c.o(i.MyI2C_SendByte)
    MyI2C_Start                              0x08002595   Thumb Code    28  myi2c.o(i.MyI2C_Start)
    MyI2C_Stop                               0x080025b1   Thumb Code    22  myi2c.o(i.MyI2C_Stop)
    MyI2C_W_SCL                              0x080025c9   Thumb Code    24  myi2c.o(i.MyI2C_W_SCL)
    MyI2C_W_SDA                              0x080025e5   Thumb Code    24  myi2c.o(i.MyI2C_W_SDA)
    NMI_Handler                              0x08002601   Thumb Code     2  stm32f10x_it.o(i.NMI_Handler)
    NVIC_Init                                0x08002605   Thumb Code   100  misc.o(i.NVIC_Init)
    NVIC_PriorityGroupConfig                 0x08002675   Thumb Code    10  misc.o(i.NVIC_PriorityGroupConfig)
    OLED_Clear                               0x08002689   Thumb Code    42  oled.o(i.OLED_Clear)
    OLED_I2C_Init                            0x080026b5   Thumb Code    76  oled.o(i.OLED_I2C_Init)
    OLED_I2C_SendByte                        0x08002705   Thumb Code    80  oled.o(i.OLED_I2C_SendByte)
    OLED_I2C_Start                           0x08002759   Thumb Code    48  oled.o(i.OLED_I2C_Start)
    OLED_I2C_Stop                            0x0800278d   Thumb Code    36  oled.o(i.OLED_I2C_Stop)
    OLED_Init                                0x080027b5   Thumb Code   174  oled.o(i.OLED_Init)
    OLED_SetCursor                           0x08002863   Thumb Code    34  oled.o(i.OLED_SetCursor)
    OLED_ShowChar                            0x08002885   Thumb Code   110  oled.o(i.OLED_ShowChar)
    OLED_ShowString                          0x080028f9   Thumb Code    40  oled.o(i.OLED_ShowString)
    OLED_WriteCommand                        0x08002921   Thumb Code    32  oled.o(i.OLED_WriteCommand)
    OLED_WriteData                           0x08002941   Thumb Code    32  oled.o(i.OLED_WriteData)
    PendSV_Handler                           0x08002961   Thumb Code     2  stm32f10x_it.o(i.PendSV_Handler)
    RCC_APB1PeriphClockCmd                   0x08002965   Thumb Code    26  stm32f10x_rcc.o(i.RCC_APB1PeriphClockCmd)
    RCC_APB2PeriphClockCmd                   0x08002985   Thumb Code    26  stm32f10x_rcc.o(i.RCC_APB2PeriphClockCmd)
    RCC_GetClocksFreq                        0x080029a5   Thumb Code   192  stm32f10x_rcc.o(i.RCC_GetClocksFreq)
    SVC_Handler                              0x08002a79   Thumb Code     2  stm32f10x_it.o(i.SVC_Handler)
    Serial_GetRxFlag                         0x08002a7d   Thumb Code    22  serial.o(i.Serial_GetRxFlag)
    Serial_Init                              0x08002a99   Thumb Code   174  serial.o(i.Serial_Init)
    SysTick_Handler                          0x08002c39   Thumb Code     2  stm32f10x_it.o(i.SysTick_Handler)
    SystemInit                               0x08002c3d   Thumb Code    78  system_stm32f10x.o(i.SystemInit)
    USART1_IRQHandler                        0x08002c9d   Thumb Code   140  serial.o(i.USART1_IRQHandler)
    USART2_IRQHandler                        0x08002d3d   Thumb Code   432  gps.o(i.USART2_IRQHandler)
    USART_ClearITPendingBit                  0x08002f19   Thumb Code    30  stm32f10x_usart.o(i.USART_ClearITPendingBit)
    USART_Cmd                                0x08002f37   Thumb Code    24  stm32f10x_usart.o(i.USART_Cmd)
    USART_GetITStatus                        0x08002f4f   Thumb Code    84  stm32f10x_usart.o(i.USART_GetITStatus)
    USART_ITConfig                           0x08002fa3   Thumb Code    74  stm32f10x_usart.o(i.USART_ITConfig)
    USART_Init                               0x08002fed   Thumb Code   210  stm32f10x_usart.o(i.USART_Init)
    USART_ReceiveData                        0x080030c5   Thumb Code    10  stm32f10x_usart.o(i.USART_ReceiveData)
    UsageFault_Handler                       0x080030cf   Thumb Code     4  stm32f10x_it.o(i.UsageFault_Handler)
    __ARM_fpclassify                         0x080030d3   Thumb Code    40  fpclassify.o(i.__ARM_fpclassify)
    __kernel_poly                            0x080030fb   Thumb Code   170  poly.o(i.__kernel_poly)
    __mathlib_dbl_infnan                     0x080031a5   Thumb Code     6  dunder.o(i.__mathlib_dbl_infnan)
    __mathlib_dbl_invalid                    0x080031ab   Thumb Code    12  dunder.o(i.__mathlib_dbl_invalid)
    __mathlib_dbl_overflow                   0x080031b7   Thumb Code    14  dunder.o(i.__mathlib_dbl_overflow)
    __mathlib_dbl_underflow                  0x080031c5   Thumb Code    10  dunder.o(i.__mathlib_dbl_underflow)
    __mathlib_narrow                         0x080031d5   Thumb Code    16  narrow.o(i.__mathlib_narrow)
    __mathlib_tofloat                        0x080031e5   Thumb Code   184  narrow.o(i.__mathlib_tofloat)
    __support_ldexp                          0x080032a1   Thumb Code    22  ldexp.o(i.__support_ldexp)
    _is_digit                                0x080032b7   Thumb Code    14  __printf_wp.o(i._is_digit)
    acos                                     0x080032c5   Thumb Code   574  acos.o(i.acos)
    atan                                     0x08003541   Thumb Code   474  atan.o(i.atan)
    atof                                     0x08003761   Thumb Code    42  atof.o(i.atof)
    frexp                                    0x0800378d   Thumb Code    80  frexp.o(i.frexp)
    ldexp                                    0x080037e5   Thumb Code   116  ldexp.o(i.ldexp)
    main                                     0x08003859   Thumb Code  1514  main.o(i.main)
    sqrt                                     0x08003e69   Thumb Code    76  sqrt.o(i.sqrt)
    _get_lc_numeric                          0x08003eb5   Thumb Code    44  lc_numeric_c.o(locale$$code)
    _get_lc_ctype                            0x08003ee1   Thumb Code    44  lc_ctype_c.o(locale$$code)
    __aeabi_d2f                              0x08003f0d   Thumb Code     0  d2f.o(x$fpl$d2f)
    _d2f                                     0x08003f0d   Thumb Code    98  d2f.o(x$fpl$d2f)
    __aeabi_dadd                             0x08003f71   Thumb Code     0  daddsub_clz.o(x$fpl$dadd)
    _dadd                                    0x08003f71   Thumb Code   332  daddsub_clz.o(x$fpl$dadd)
    __fpl_dcheck_NaN1                        0x080040c1   Thumb Code    10  dcheck1.o(x$fpl$dcheck1)
    __fpl_dcmp_Inf                           0x080040d1   Thumb Code    24  dcmpi.o(x$fpl$dcmpinf)
    __aeabi_ddiv                             0x080040e9   Thumb Code     0  ddiv.o(x$fpl$ddiv)
    _ddiv                                    0x080040e9   Thumb Code   552  ddiv.o(x$fpl$ddiv)
    __aeabi_cdcmpeq                          0x08004399   Thumb Code     0  deqf.o(x$fpl$deqf)
    _dcmpeq                                  0x08004399   Thumb Code   120  deqf.o(x$fpl$deqf)
    __aeabi_d2iz                             0x08004411   Thumb Code     0  dfix.o(x$fpl$dfix)
    _dfix                                    0x08004411   Thumb Code    94  dfix.o(x$fpl$dfix)
    __aeabi_d2uiz                            0x08004471   Thumb Code     0  dfixu.o(x$fpl$dfixu)
    _dfixu                                   0x08004471   Thumb Code    90  dfixu.o(x$fpl$dfixu)
    __aeabi_i2d                              0x080044cb   Thumb Code     0  dflt_clz.o(x$fpl$dflt)
    _dflt                                    0x080044cb   Thumb Code    46  dflt_clz.o(x$fpl$dflt)
    __aeabi_cdcmple                          0x080044f9   Thumb Code     0  dleqf.o(x$fpl$dleqf)
    _dcmple                                  0x080044f9   Thumb Code   120  dleqf.o(x$fpl$dleqf)
    __fpl_dcmple_InfNaN                      0x0800455b   Thumb Code     0  dleqf.o(x$fpl$dleqf)
    __aeabi_dmul                             0x08004571   Thumb Code     0  dmul.o(x$fpl$dmul)
    _dmul                                    0x08004571   Thumb Code   332  dmul.o(x$fpl$dmul)
    __fpl_dnaninf                            0x080046c5   Thumb Code   156  dnaninf.o(x$fpl$dnaninf)
    __fpl_dretinf                            0x08004761   Thumb Code    12  dretinf.o(x$fpl$dretinf)
    __aeabi_cdrcmple                         0x0800476d   Thumb Code     0  drleqf.o(x$fpl$drleqf)
    _drcmple                                 0x0800476d   Thumb Code   108  drleqf.o(x$fpl$drleqf)
    __aeabi_drsub                            0x080047d9   Thumb Code     0  daddsub_clz.o(x$fpl$drsb)
    _drsb                                    0x080047d9   Thumb Code    22  daddsub_clz.o(x$fpl$drsb)
    _dsqrt                                   0x080047f1   Thumb Code   456  dsqrt_noumaal.o(x$fpl$dsqrt)
    __aeabi_dsub                             0x080049bd   Thumb Code     0  daddsub_clz.o(x$fpl$dsub)
    _dsub                                    0x080049bd   Thumb Code   464  daddsub_clz.o(x$fpl$dsub)
    __aeabi_fadd                             0x08004b91   Thumb Code     0  faddsub_clz.o(x$fpl$fadd)
    _fadd                                    0x08004b91   Thumb Code   196  faddsub_clz.o(x$fpl$fadd)
    __fpl_fcmp_Inf                           0x08004c55   Thumb Code    24  fcmpi.o(x$fpl$fcmpinf)
    __aeabi_i2f                              0x08004c6d   Thumb Code     0  fflt_clz.o(x$fpl$fflt)
    _fflt                                    0x08004c6d   Thumb Code    48  fflt_clz.o(x$fpl$fflt)
    __aeabi_cfcmple                          0x08004c9d   Thumb Code     0  fleqf.o(x$fpl$fleqf)
    _fcmple                                  0x08004c9d   Thumb Code   104  fleqf.o(x$fpl$fleqf)
    __fpl_fcmple_InfNaN                      0x08004cef   Thumb Code     0  fleqf.o(x$fpl$fleqf)
    __fpl_fnaninf                            0x08004d05   Thumb Code   140  fnaninf.o(x$fpl$fnaninf)
    __fpl_fretinf                            0x08004d91   Thumb Code    10  fretinf.o(x$fpl$fretinf)
    __aeabi_fsub                             0x08004d9d   Thumb Code     0  faddsub_clz.o(x$fpl$fsub)
    _fsub                                    0x08004d9d   Thumb Code   234  faddsub_clz.o(x$fpl$fsub)
    __ieee_status                            0x08004e87   Thumb Code     6  istatus.o(x$fpl$ieeestatus)
    _printf_fp_dec                           0x08004e8d   Thumb Code     4  printf1.o(x$fpl$printf1)
    __fpl_return_NaN                         0x08004e91   Thumb Code   100  retnan.o(x$fpl$retnan)
    __ARM_scalbn                             0x08004ef5   Thumb Code    92  scalbn.o(x$fpl$scalbn)
    _scanf_real                              0x08004f51   Thumb Code     4  scanf1.o(x$fpl$scanf1)
    _scanf_hex_real                          0x08004f55   Thumb Code     4  scanf2.o(x$fpl$scanf2)
    _scanf_infnan                            0x08004f59   Thumb Code     4  scanf2.o(x$fpl$scanf2)
    __fpl_cmpreturn                          0x08004f5d   Thumb Code    48  trapv.o(x$fpl$trapveneer)
    OLED_F8x16                               0x08004f8c   Data        1520  oled.o(.constdata)
    __I$use$fp                               0x08004f8c   Number         0  usenofp.o(x$fpl$usenofp)
    Region$$Table$$Base                      0x0800570c   Number         0  anon$$obj.o(Region$$Table)
    Region$$Table$$Limit                     0x0800572c   Number         0  anon$$obj.o(Region$$Table)
    __aeabi_HUGE_VAL                         0x0800572c   Data           0  fpconst.o(c$$dinf)
    __aeabi_HUGE_VALL                        0x0800572c   Data           0  fpconst.o(c$$dinf)
    __aeabi_INFINITY                         0x0800572c   Data           0  fpconst.o(c$$dinf)
    __dInf                                   0x0800572c   Data           0  fpconst.o(c$$dinf)
    __huge_val                               0x0800572c   Data           0  fpconst.o(c$$dinf)
    __dbl_max                                0x08005734   Data           0  fpconst.o(c$$dmax)
    __ctype                                  0x08005765   Data           0  lc_ctype_c.o(locale$$data)
    N1                                       0x20000018   Data           8  main.o(.data)
    E1                                       0x20000020   Data           8  main.o(.data)
    N2                                       0x20000028   Data           8  main.o(.data)
    E2                                       0x20000030   Data           8  main.o(.data)
    flag1                                    0x20000038   Data           1  main.o(.data)
    detN                                     0x20000040   Data           8  main.o(.data)
    detE                                     0x20000048   Data           8  main.o(.data)
    detE1                                    0x20000050   Data           8  main.o(.data)
    AX                                       0x20000058   Data           2  main.o(.data)
    AY                                       0x2000005a   Data           2  main.o(.data)
    AZ                                       0x2000005c   Data           2  main.o(.data)
    GX                                       0x2000005e   Data           2  main.o(.data)
    GY                                       0x20000060   Data           2  main.o(.data)
    GZ                                       0x20000062   Data           2  main.o(.data)
    CX                                       0x20000064   Data           2  main.o(.data)
    CY                                       0x20000066   Data           2  main.o(.data)
    CZ                                       0x20000068   Data           2  main.o(.data)
    Deg                                      0x2000006c   Data           4  main.o(.data)
    Deg2                                     0x20000070   Data           4  main.o(.data)
    Serial_RxFlag                            0x20000074   Data           1  serial.o(.data)
    GPS_RxFlag                               0x20000078   Data           1  gps.o(.data)
    i                                        0x20000079   Data           1  gps.o(.data)
    N                                        0x20000080   Data           8  gps.o(.data)
    E                                        0x20000088   Data           8  gps.o(.data)
    p1                                       0x20000090   Data           2  gps.o(.data)
    data                                     0x20000098   Data          24  main.o(.bss)
    AX1                                      0x200000b0   Data          15  main.o(.bss)
    AY1                                      0x200000bf   Data          15  main.o(.bss)
    AZ1                                      0x200000ce   Data          15  main.o(.bss)
    GX1                                      0x200000dd   Data          15  main.o(.bss)
    GY1                                      0x200000ec   Data          15  main.o(.bss)
    GZ1                                      0x200000fb   Data          15  main.o(.bss)
    AX2                                      0x2000010a   Data          15  main.o(.bss)
    AY2                                      0x20000119   Data          15  main.o(.bss)
    AZ2                                      0x20000128   Data          15  main.o(.bss)
    GX2                                      0x20000137   Data          15  main.o(.bss)
    GY2                                      0x20000146   Data          15  main.o(.bss)
    GZ2                                      0x20000155   Data          15  main.o(.bss)
    Serial_RxPacket                          0x20000164   Data         100  serial.o(.bss)
    GPS_RxData                               0x200001c8   Data          50  gps.o(.bss)
    __libspace_start                         0x200001fc   Data          96  libspace.o(.bss)
    __temporary_stack_top$libspace           0x2000025c   Data           0  libspace.o(.bss)



==============================================================================

Memory Map of the image

  Image Entry point : 0x080001ad

  Load Region LR_1 (Base: 0x08000000, Size: 0x00005900, Max: 0xffffffff, ABSOLUTE)

    Execution Region ER_RO (Exec base: 0x08000000, Load base: 0x08000000, Size: 0x00005868, Max: 0xffffffff, ABSOLUTE)

    Exec Addr    Load Addr    Size         Type   Attr      Idx    E Section Name        Object

    0x08000000   0x08000000   0x000000ec   Data   RO            3    RESET               startup_stm32f10x_md.o
    0x080000ec   0x080000ec   0x00000008   Code   RO         3876  * !!!main             c_w.l(__main.o)
    0x080000f4   0x080000f4   0x00000034   Code   RO         4353    !!!scatter          c_w.l(__scatter.o)
    0x08000128   0x08000128   0x0000001a   Code   RO         4355    !!handler_copy      c_w.l(__scatter_copy.o)
    0x08000142   0x08000142   0x00000002   PAD
    0x08000144   0x08000144   0x0000001c   Code   RO         4357    !!handler_zi        c_w.l(__scatter_zi.o)
    0x08000160   0x08000160   0x00000000   Code   RO         3866    .ARM.Collect$$_printf_percent$$00000000  c_w.l(_printf_percent.o)
    0x08000160   0x08000160   0x00000006   Code   RO         3865    .ARM.Collect$$_printf_percent$$00000003  c_w.l(_printf_f.o)
    0x08000166   0x08000166   0x00000004   Code   RO         4015    .ARM.Collect$$_printf_percent$$00000017  c_w.l(_printf_percent_end.o)
    0x0800016a   0x0800016a   0x00000002   Code   RO         4178    .ARM.Collect$$libinit$$00000000  c_w.l(libinit.o)
    0x0800016c   0x0800016c   0x00000000   Code   RO         4180    .ARM.Collect$$libinit$$00000002  c_w.l(libinit2.o)
    0x0800016c   0x0800016c   0x00000000   Code   RO         4182    .ARM.Collect$$libinit$$00000004  c_w.l(libinit2.o)
    0x0800016c   0x0800016c   0x00000000   Code   RO         4185    .ARM.Collect$$libinit$$0000000A  c_w.l(libinit2.o)
    0x0800016c   0x0800016c   0x00000000   Code   RO         4187    .ARM.Collect$$libinit$$0000000C  c_w.l(libinit2.o)
    0x0800016c   0x0800016c   0x00000000   Code   RO         4189    .ARM.Collect$$libinit$$0000000E  c_w.l(libinit2.o)
    0x0800016c   0x0800016c   0x00000006   Code   RO         4190    .ARM.Collect$$libinit$$0000000F  c_w.l(libinit2.o)
    0x08000172   0x08000172   0x00000000   Code   RO         4192    .ARM.Collect$$libinit$$00000011  c_w.l(libinit2.o)
    0x08000172   0x08000172   0x0000000c   Code   RO         4193    .ARM.Collect$$libinit$$00000012  c_w.l(libinit2.o)
    0x0800017e   0x0800017e   0x00000000   Code   RO         4194    .ARM.Collect$$libinit$$00000013  c_w.l(libinit2.o)
    0x0800017e   0x0800017e   0x00000000   Code   RO         4196    .ARM.Collect$$libinit$$00000015  c_w.l(libinit2.o)
    0x0800017e   0x0800017e   0x0000000a   Code   RO         4197    .ARM.Collect$$libinit$$00000016  c_w.l(libinit2.o)
    0x08000188   0x08000188   0x00000000   Code   RO         4198    .ARM.Collect$$libinit$$00000017  c_w.l(libinit2.o)
    0x08000188   0x08000188   0x00000000   Code   RO         4200    .ARM.Collect$$libinit$$00000019  c_w.l(libinit2.o)
    0x08000188   0x08000188   0x00000000   Code   RO         4202    .ARM.Collect$$libinit$$0000001B  c_w.l(libinit2.o)
    0x08000188   0x08000188   0x00000000   Code   RO         4204    .ARM.Collect$$libinit$$0000001D  c_w.l(libinit2.o)
    0x08000188   0x08000188   0x00000000   Code   RO         4206    .ARM.Collect$$libinit$$0000001F  c_w.l(libinit2.o)
    0x08000188   0x08000188   0x00000000   Code   RO         4208    .ARM.Collect$$libinit$$00000021  c_w.l(libinit2.o)
    0x08000188   0x08000188   0x00000000   Code   RO         4210    .ARM.Collect$$libinit$$00000023  c_w.l(libinit2.o)
    0x08000188   0x08000188   0x00000000   Code   RO         4212    .ARM.Collect$$libinit$$00000025  c_w.l(libinit2.o)
    0x08000188   0x08000188   0x00000000   Code   RO         4216    .ARM.Collect$$libinit$$0000002C  c_w.l(libinit2.o)
    0x08000188   0x08000188   0x00000000   Code   RO         4218    .ARM.Collect$$libinit$$0000002E  c_w.l(libinit2.o)
    0x08000188   0x08000188   0x00000000   Code   RO         4220    .ARM.Collect$$libinit$$00000030  c_w.l(libinit2.o)
    0x08000188   0x08000188   0x00000000   Code   RO         4222    .ARM.Collect$$libinit$$00000032  c_w.l(libinit2.o)
    0x08000188   0x08000188   0x00000002   Code   RO         4223    .ARM.Collect$$libinit$$00000033  c_w.l(libinit2.o)
    0x0800018a   0x0800018a   0x00000002   Code   RO         4288    .ARM.Collect$$libshutdown$$00000000  c_w.l(libshutdown.o)
    0x0800018c   0x0800018c   0x00000000   Code   RO         4311    .ARM.Collect$$libshutdown$$00000002  c_w.l(libshutdown2.o)
    0x0800018c   0x0800018c   0x00000000   Code   RO         4313    .ARM.Collect$$libshutdown$$00000004  c_w.l(libshutdown2.o)
    0x0800018c   0x0800018c   0x00000000   Code   RO         4316    .ARM.Collect$$libshutdown$$00000007  c_w.l(libshutdown2.o)
    0x0800018c   0x0800018c   0x00000000   Code   RO         4319    .ARM.Collect$$libshutdown$$0000000A  c_w.l(libshutdown2.o)
    0x0800018c   0x0800018c   0x00000000   Code   RO         4321    .ARM.Collect$$libshutdown$$0000000C  c_w.l(libshutdown2.o)
    0x0800018c   0x0800018c   0x00000000   Code   RO         4324    .ARM.Collect$$libshutdown$$0000000F  c_w.l(libshutdown2.o)
    0x0800018c   0x0800018c   0x00000002   Code   RO         4325    .ARM.Collect$$libshutdown$$00000010  c_w.l(libshutdown2.o)
    0x0800018e   0x0800018e   0x00000000   Code   RO         3952    .ARM.Collect$$rtentry$$00000000  c_w.l(__rtentry.o)
    0x0800018e   0x0800018e   0x00000000   Code   RO         4077    .ARM.Collect$$rtentry$$00000002  c_w.l(__rtentry2.o)
    0x0800018e   0x0800018e   0x00000006   Code   RO         4089    .ARM.Collect$$rtentry$$00000004  c_w.l(__rtentry4.o)
    0x08000194   0x08000194   0x00000000   Code   RO         4079    .ARM.Collect$$rtentry$$00000009  c_w.l(__rtentry2.o)
    0x08000194   0x08000194   0x00000004   Code   RO         4080    .ARM.Collect$$rtentry$$0000000A  c_w.l(__rtentry2.o)
    0x08000198   0x08000198   0x00000000   Code   RO         4082    .ARM.Collect$$rtentry$$0000000C  c_w.l(__rtentry2.o)
    0x08000198   0x08000198   0x00000008   Code   RO         4083    .ARM.Collect$$rtentry$$0000000D  c_w.l(__rtentry2.o)
    0x080001a0   0x080001a0   0x00000002   Code   RO         4226    .ARM.Collect$$rtexit$$00000000  c_w.l(rtexit.o)
    0x080001a2   0x080001a2   0x00000000   Code   RO         4254    .ARM.Collect$$rtexit$$00000002  c_w.l(rtexit2.o)
    0x080001a2   0x080001a2   0x00000004   Code   RO         4255    .ARM.Collect$$rtexit$$00000003  c_w.l(rtexit2.o)
    0x080001a6   0x080001a6   0x00000006   Code   RO         4256    .ARM.Collect$$rtexit$$00000004  c_w.l(rtexit2.o)
    0x080001ac   0x080001ac   0x00000040   Code   RO            4  * .text               startup_stm32f10x_md.o
    0x080001ec   0x080001ec   0x0000002c   Code   RO         3839    .text               c_w.l(__2sprintf.o)
    0x08000218   0x08000218   0x00000188   Code   RO         3862    .text               c_w.l(__printf_flags_ss_wp.o)
    0x080003a0   0x080003a0   0x0000000c   Code   RO         3867    .text               c_w.l(strtok.o)
    0x080003ac   0x080003ac   0x0000003e   Code   RO         3870    .text               c_w.l(strlen.o)
    0x080003ea   0x080003ea   0x00000002   PAD
    0x080003ec   0x080003ec   0x00000080   Code   RO         3872    .text               c_w.l(strcmpv7m.o)
    0x0800046c   0x0800046c   0x00000006   Code   RO         3874    .text               c_w.l(heapauxi.o)
    0x08000472   0x08000472   0x00000016   Code   RO         3953    .text               c_w.l(_rserrno.o)
    0x08000488   0x08000488   0x0000041e   Code   RO         3965    .text               c_w.l(_printf_fp_dec.o)
    0x080008a6   0x080008a6   0x00000002   PAD
    0x080008a8   0x080008a8   0x00000030   Code   RO         3967    .text               c_w.l(_printf_char_common.o)
    0x080008d8   0x080008d8   0x0000000a   Code   RO         3969    .text               c_w.l(_sputc.o)
    0x080008e2   0x080008e2   0x00000002   PAD
    0x080008e4   0x080008e4   0x000000a4   Code   RO         4025    .text               c_w.l(strtod.o)
    0x08000988   0x08000988   0x00000044   Code   RO         4027    .text               c_w.l(strtok_int.o)
    0x080009cc   0x080009cc   0x00000008   Code   RO         4094    .text               c_w.l(rt_locale_intlibspace.o)
    0x080009d4   0x080009d4   0x00000008   Code   RO         4099    .text               c_w.l(rt_errno_addr_intlibspace.o)
    0x080009dc   0x080009dc   0x0000008a   Code   RO         4101    .text               c_w.l(lludiv10.o)
    0x08000a66   0x08000a66   0x00000012   Code   RO         4103    .text               c_w.l(isspace.o)
    0x08000a78   0x08000a78   0x00000080   Code   RO         4110    .text               c_w.l(_printf_fp_infnan.o)
    0x08000af8   0x08000af8   0x00000040   Code   RO         4118    .text               c_w.l(_sgetc.o)
    0x08000b38   0x08000b38   0x000000e4   Code   RO         4120    .text               c_w.l(bigflt0.o)
    0x08000c1c   0x08000c1c   0x00000020   Code   RO         4150    .text               c_w.l(strcspn.o)
    0x08000c3c   0x08000c3c   0x0000001c   Code   RO         4152    .text               c_w.l(strspn.o)
    0x08000c58   0x08000c58   0x00000008   Code   RO         4162    .text               c_w.l(libspace.o)
    0x08000c60   0x08000c60   0x0000004a   Code   RO         4165    .text               c_w.l(sys_stackheap_outer.o)
    0x08000caa   0x08000caa   0x00000002   PAD
    0x08000cac   0x08000cac   0x00000010   Code   RO         4167    .text               c_w.l(rt_ctype_table.o)
    0x08000cbc   0x08000cbc   0x000004f8   Code   RO         4169    .text               c_w.l(scanf_fp.o)
    0x080011b4   0x080011b4   0x00000012   Code   RO         4171    .text               c_w.l(exit.o)
    0x080011c6   0x080011c6   0x00000002   PAD
    0x080011c8   0x080011c8   0x00000320   Code   RO         4260    .text               c_w.l(scanf_hexfp.o)
    0x080014e8   0x080014e8   0x00000134   Code   RO         4262    .text               c_w.l(scanf_infnan.o)
    0x0800161c   0x0800161c   0x0000000c   Code   RO         4274    .text               c_w.l(sys_exit.o)
    0x08001628   0x08001628   0x00000026   Code   RO         4278    .text               c_w.l(llshl.o)
    0x0800164e   0x0800164e   0x0000001c   Code   RO         4280    .text               c_w.l(_chval.o)
    0x0800166a   0x0800166a   0x00000002   Code   RO         4301    .text               c_w.l(use_no_semi.o)
    0x0800166c   0x0800166c   0x00000000   Code   RO         4303    .text               c_w.l(indicate_semi.o)
    0x0800166c   0x0800166c   0x0000003e   Code   RO         4123    CL$$btod_d2e        c_w.l(btod.o)
    0x080016aa   0x080016aa   0x00000046   Code   RO         4125    CL$$btod_d2e_denorm_low  c_w.l(btod.o)
    0x080016f0   0x080016f0   0x00000060   Code   RO         4124    CL$$btod_d2e_norm_op1  c_w.l(btod.o)
    0x08001750   0x08001750   0x00000338   Code   RO         4133    CL$$btod_div_common  c_w.l(btod.o)
    0x08001a88   0x08001a88   0x00000084   Code   RO         4131    CL$$btod_e2d        c_w.l(btod.o)
    0x08001b0c   0x08001b0c   0x000000dc   Code   RO         4130    CL$$btod_e2e        c_w.l(btod.o)
    0x08001be8   0x08001be8   0x0000002a   Code   RO         4127    CL$$btod_ediv       c_w.l(btod.o)
    0x08001c12   0x08001c12   0x0000002a   Code   RO         4129    CL$$btod_edivd      c_w.l(btod.o)
    0x08001c3c   0x08001c3c   0x0000002a   Code   RO         4126    CL$$btod_emul       c_w.l(btod.o)
    0x08001c66   0x08001c66   0x0000002a   Code   RO         4128    CL$$btod_emuld      c_w.l(btod.o)
    0x08001c90   0x08001c90   0x00000244   Code   RO         4132    CL$$btod_mult_common  c_w.l(btod.o)
    0x08001ed4   0x08001ed4   0x00000004   Code   RO         3272    i.BusFault_Handler  stm32f10x_it.o
    0x08001ed8   0x08001ed8   0x00000002   Code   RO         3273    i.DebugMon_Handler  stm32f10x_it.o
    0x08001eda   0x08001eda   0x00000018   Code   RO         3196    i.Delay_ms          delay.o
    0x08001ef2   0x08001ef2   0x0000002e   Code   RO         3198    i.Delay_us          delay.o
    0x08001f20   0x08001f20   0x00000116   Code   RO         1347    i.GPIO_Init         stm32f10x_gpio.o
    0x08002036   0x08002036   0x00000012   Code   RO         1351    i.GPIO_ReadInputDataBit  stm32f10x_gpio.o
    0x08002048   0x08002048   0x00000004   Code   RO         1354    i.GPIO_ResetBits    stm32f10x_gpio.o
    0x0800204c   0x0800204c   0x00000004   Code   RO         1355    i.GPIO_SetBits      stm32f10x_gpio.o
    0x08002050   0x08002050   0x0000000a   Code   RO         1358    i.GPIO_WriteBit     stm32f10x_gpio.o
    0x0800205a   0x0800205a   0x00000002   PAD
    0x0800205c   0x0800205c   0x00000014   Code   RO         3784    i.GPS_GetRxDataE    gps.o
    0x08002070   0x08002070   0x00000014   Code   RO         3785    i.GPS_GetRxDataN    gps.o
    0x08002084   0x08002084   0x0000001c   Code   RO         3786    i.GPS_GetRxFlag     gps.o
    0x080020a0   0x080020a0   0x000000a8   Code   RO         3787    i.GPS_Init          gps.o
    0x08002148   0x08002148   0x00000058   Code   RO         3671    i.HMC5883L_GetData  hmc5883l.o
    0x080021a0   0x080021a0   0x00000020   Code   RO         3672    i.HMC5883L_Init     hmc5883l.o
    0x080021c0   0x080021c0   0x0000003e   Code   RO         3673    i.HMC5883L_ReadReg  hmc5883l.o
    0x080021fe   0x080021fe   0x0000002e   Code   RO         3674    i.HMC5883L_WriteReg  hmc5883l.o
    0x0800222c   0x0800222c   0x00000004   Code   RO         3274    i.HardFault_Handler  stm32f10x_it.o
    0x08002230   0x08002230   0x00000014   Code   RO         3335    i.LED1_OFF          led.o
    0x08002244   0x08002244   0x00000014   Code   RO         3336    i.LED1_ON           led.o
    0x08002258   0x08002258   0x00000014   Code   RO         3337    i.LED2_OFF          led.o
    0x0800226c   0x0800226c   0x00000014   Code   RO         3338    i.LED2_ON           led.o
    0x08002280   0x08002280   0x00000014   Code   RO         3339    i.LED3_OFF          led.o
    0x08002294   0x08002294   0x00000014   Code   RO         3340    i.LED3_ON           led.o
    0x080022a8   0x080022a8   0x00000014   Code   RO         3341    i.LED4_OFF          led.o
    0x080022bc   0x080022bc   0x00000014   Code   RO         3342    i.LED4_ON           led.o
    0x080022d0   0x080022d0   0x00000010   Code   RO         3343    i.LEDN_OFF          led.o
    0x080022e0   0x080022e0   0x00000010   Code   RO         3344    i.LEDN_ON           led.o
    0x080022f0   0x080022f0   0x00000038   Code   RO         3345    i.LED_Init          led.o
    0x08002328   0x08002328   0x00000010   Code   RO         3346    i.LEDzx_OFF         led.o
    0x08002338   0x08002338   0x00000010   Code   RO         3347    i.LEDzx_ON          led.o
    0x08002348   0x08002348   0x000000ac   Code   RO         3629    i.MPU6050_GetData   mpu6050.o
    0x080023f4   0x080023f4   0x00000048   Code   RO         3631    i.MPU6050_Init      mpu6050.o
    0x0800243c   0x0800243c   0x0000003e   Code   RO         3632    i.MPU6050_ReadReg   mpu6050.o
    0x0800247a   0x0800247a   0x0000002e   Code   RO         3633    i.MPU6050_WriteReg  mpu6050.o
    0x080024a8   0x080024a8   0x00000004   Code   RO         3275    i.MemManage_Handler  stm32f10x_it.o
    0x080024ac   0x080024ac   0x00000038   Code   RO         3548    i.MyI2C_Init        myi2c.o
    0x080024e4   0x080024e4   0x0000001c   Code   RO         3549    i.MyI2C_R_SDA       myi2c.o
    0x08002500   0x08002500   0x0000001e   Code   RO         3550    i.MyI2C_ReceiveAck  myi2c.o
    0x0800251e   0x0800251e   0x00000034   Code   RO         3551    i.MyI2C_ReceiveByte  myi2c.o
    0x08002552   0x08002552   0x00000018   Code   RO         3552    i.MyI2C_SendAck     myi2c.o
    0x0800256a   0x0800256a   0x0000002a   Code   RO         3553    i.MyI2C_SendByte    myi2c.o
    0x08002594   0x08002594   0x0000001c   Code   RO         3554    i.MyI2C_Start       myi2c.o
    0x080025b0   0x080025b0   0x00000016   Code   RO         3555    i.MyI2C_Stop        myi2c.o
    0x080025c6   0x080025c6   0x00000002   PAD
    0x080025c8   0x080025c8   0x0000001c   Code   RO         3556    i.MyI2C_W_SCL       myi2c.o
    0x080025e4   0x080025e4   0x0000001c   Code   RO         3557    i.MyI2C_W_SDA       myi2c.o
    0x08002600   0x08002600   0x00000002   Code   RO         3276    i.NMI_Handler       stm32f10x_it.o
    0x08002602   0x08002602   0x00000002   PAD
    0x08002604   0x08002604   0x00000070   Code   RO          137    i.NVIC_Init         misc.o
    0x08002674   0x08002674   0x00000014   Code   RO          138    i.NVIC_PriorityGroupConfig  misc.o
    0x08002688   0x08002688   0x0000002a   Code   RO         3437    i.OLED_Clear        oled.o
    0x080026b2   0x080026b2   0x00000002   PAD
    0x080026b4   0x080026b4   0x00000050   Code   RO         3438    i.OLED_I2C_Init     oled.o
    0x08002704   0x08002704   0x00000054   Code   RO         3439    i.OLED_I2C_SendByte  oled.o
    0x08002758   0x08002758   0x00000034   Code   RO         3440    i.OLED_I2C_Start    oled.o
    0x0800278c   0x0800278c   0x00000028   Code   RO         3441    i.OLED_I2C_Stop     oled.o
    0x080027b4   0x080027b4   0x000000ae   Code   RO         3442    i.OLED_Init         oled.o
    0x08002862   0x08002862   0x00000022   Code   RO         3444    i.OLED_SetCursor    oled.o
    0x08002884   0x08002884   0x00000074   Code   RO         3446    i.OLED_ShowChar     oled.o
    0x080028f8   0x080028f8   0x00000028   Code   RO         3450    i.OLED_ShowString   oled.o
    0x08002920   0x08002920   0x00000020   Code   RO         3451    i.OLED_WriteCommand  oled.o
    0x08002940   0x08002940   0x00000020   Code   RO         3452    i.OLED_WriteData    oled.o
    0x08002960   0x08002960   0x00000002   Code   RO         3277    i.PendSV_Handler    stm32f10x_it.o
    0x08002962   0x08002962   0x00000002   PAD
    0x08002964   0x08002964   0x00000020   Code   RO         1775    i.RCC_APB1PeriphClockCmd  stm32f10x_rcc.o
    0x08002984   0x08002984   0x00000020   Code   RO         1777    i.RCC_APB2PeriphClockCmd  stm32f10x_rcc.o
    0x080029a4   0x080029a4   0x000000d4   Code   RO         1785    i.RCC_GetClocksFreq  stm32f10x_rcc.o
    0x08002a78   0x08002a78   0x00000002   Code   RO         3278    i.SVC_Handler       stm32f10x_it.o
    0x08002a7a   0x08002a7a   0x00000002   PAD
    0x08002a7c   0x08002a7c   0x0000001c   Code   RO         3704    i.Serial_GetRxFlag  serial.o
    0x08002a98   0x08002a98   0x000000b8   Code   RO         3705    i.Serial_Init       serial.o
    0x08002b50   0x08002b50   0x00000008   Code   RO           24    i.SetSysClock       system_stm32f10x.o
    0x08002b58   0x08002b58   0x000000e0   Code   RO           25    i.SetSysClockTo72   system_stm32f10x.o
    0x08002c38   0x08002c38   0x00000002   Code   RO         3279    i.SysTick_Handler   stm32f10x_it.o
    0x08002c3a   0x08002c3a   0x00000002   PAD
    0x08002c3c   0x08002c3c   0x00000060   Code   RO           27    i.SystemInit        system_stm32f10x.o
    0x08002c9c   0x08002c9c   0x000000a0   Code   RO         3712    i.USART1_IRQHandler  serial.o
    0x08002d3c   0x08002d3c   0x000001dc   Code   RO         3788    i.USART2_IRQHandler  gps.o
    0x08002f18   0x08002f18   0x0000001e   Code   RO         2957    i.USART_ClearITPendingBit  stm32f10x_usart.o
    0x08002f36   0x08002f36   0x00000018   Code   RO         2960    i.USART_Cmd         stm32f10x_usart.o
    0x08002f4e   0x08002f4e   0x00000054   Code   RO         2964    i.USART_GetITStatus  stm32f10x_usart.o
    0x08002fa2   0x08002fa2   0x0000004a   Code   RO         2966    i.USART_ITConfig    stm32f10x_usart.o
    0x08002fec   0x08002fec   0x000000d8   Code   RO         2967    i.USART_Init        stm32f10x_usart.o
    0x080030c4   0x080030c4   0x0000000a   Code   RO         2974    i.USART_ReceiveData  stm32f10x_usart.o
    0x080030ce   0x080030ce   0x00000004   Code   RO         3280    i.UsageFault_Handler  stm32f10x_it.o
    0x080030d2   0x080030d2   0x00000028   Code   RO         4064    i.__ARM_fpclassify  m_ws.l(fpclassify.o)
    0x080030fa   0x080030fa   0x000000aa   Code   RO         4066    i.__kernel_poly     m_ws.l(poly.o)
    0x080031a4   0x080031a4   0x00000006   Code   RO         4051    i.__mathlib_dbl_infnan  m_ws.l(dunder.o)
    0x080031aa   0x080031aa   0x0000000c   Code   RO         4053    i.__mathlib_dbl_invalid  m_ws.l(dunder.o)
    0x080031b6   0x080031b6   0x0000000e   Code   RO         4054    i.__mathlib_dbl_overflow  m_ws.l(dunder.o)
    0x080031c4   0x080031c4   0x00000010   Code   RO         4056    i.__mathlib_dbl_underflow  m_ws.l(dunder.o)
    0x080031d4   0x080031d4   0x00000010   Code   RO         4247    i.__mathlib_narrow  m_ws.l(narrow.o)
    0x080031e4   0x080031e4   0x000000bc   Code   RO         4248    i.__mathlib_tofloat  m_ws.l(narrow.o)
    0x080032a0   0x080032a0   0x00000016   Code   RO         4290    i.__support_ldexp   m_ws.l(ldexp.o)
    0x080032b6   0x080032b6   0x0000000e   Code   RO         3855    i._is_digit         c_w.l(__printf_wp.o)
    0x080032c4   0x080032c4   0x0000027c   Code   RO         3929    i.acos              m_ws.l(acos.o)
    0x08003540   0x08003540   0x00000220   Code   RO         3939    i.atan              m_ws.l(atan.o)
    0x08003760   0x08003760   0x0000002a   Code   RO         3949    i.atof              m_ws.l(atof.o)
    0x0800378a   0x0800378a   0x00000002   PAD
    0x0800378c   0x0800378c   0x00000058   Code   RO         4269    i.frexp             m_ws.l(frexp.o)
    0x080037e4   0x080037e4   0x00000074   Code   RO         4291    i.ldexp             m_ws.l(ldexp.o)
    0x08003858   0x08003858   0x00000610   Code   RO         3220    i.main              main.o
    0x08003e68   0x08003e68   0x0000004c   Code   RO         4069    i.sqrt              m_ws.l(sqrt.o)
    0x08003eb4   0x08003eb4   0x0000002c   Code   RO         4148    locale$$code        c_w.l(lc_numeric_c.o)
    0x08003ee0   0x08003ee0   0x0000002c   Code   RO         4229    locale$$code        c_w.l(lc_ctype_c.o)
    0x08003f0c   0x08003f0c   0x00000062   Code   RO         3878    x$fpl$d2f           fz_ws.l(d2f.o)
    0x08003f6e   0x08003f6e   0x00000002   PAD
    0x08003f70   0x08003f70   0x00000150   Code   RO         3880    x$fpl$dadd          fz_ws.l(daddsub_clz.o)
    0x080040c0   0x080040c0   0x00000010   Code   RO         4154    x$fpl$dcheck1       fz_ws.l(dcheck1.o)
    0x080040d0   0x080040d0   0x00000018   Code   RO         4029    x$fpl$dcmpinf       fz_ws.l(dcmpi.o)
    0x080040e8   0x080040e8   0x000002b0   Code   RO         3887    x$fpl$ddiv          fz_ws.l(ddiv.o)
    0x08004398   0x08004398   0x00000078   Code   RO         3890    x$fpl$deqf          fz_ws.l(deqf.o)
    0x08004410   0x08004410   0x0000005e   Code   RO         3892    x$fpl$dfix          fz_ws.l(dfix.o)
    0x0800446e   0x0800446e   0x00000002   PAD
    0x08004470   0x08004470   0x0000005a   Code   RO         3896    x$fpl$dfixu         fz_ws.l(dfixu.o)
    0x080044ca   0x080044ca   0x0000002e   Code   RO         3901    x$fpl$dflt          fz_ws.l(dflt_clz.o)
    0x080044f8   0x080044f8   0x00000078   Code   RO         3906    x$fpl$dleqf         fz_ws.l(dleqf.o)
    0x08004570   0x08004570   0x00000154   Code   RO         3908    x$fpl$dmul          fz_ws.l(dmul.o)
    0x080046c4   0x080046c4   0x0000009c   Code   RO         4031    x$fpl$dnaninf       fz_ws.l(dnaninf.o)
    0x08004760   0x08004760   0x0000000c   Code   RO         4033    x$fpl$dretinf       fz_ws.l(dretinf.o)
    0x0800476c   0x0800476c   0x0000006c   Code   RO         3910    x$fpl$drleqf        fz_ws.l(drleqf.o)
    0x080047d8   0x080047d8   0x00000016   Code   RO         3881    x$fpl$drsb          fz_ws.l(daddsub_clz.o)
    0x080047ee   0x080047ee   0x00000002   PAD
    0x080047f0   0x080047f0   0x000001cc   Code   RO         4156    x$fpl$dsqrt         fz_ws.l(dsqrt_noumaal.o)
    0x080049bc   0x080049bc   0x000001d4   Code   RO         3882    x$fpl$dsub          fz_ws.l(daddsub_clz.o)
    0x08004b90   0x08004b90   0x000000c4   Code   RO         3912    x$fpl$fadd          fz_ws.l(faddsub_clz.o)
    0x08004c54   0x08004c54   0x00000018   Code   RO         4035    x$fpl$fcmpinf       fz_ws.l(fcmpi.o)
    0x08004c6c   0x08004c6c   0x00000030   Code   RO         3919    x$fpl$fflt          fz_ws.l(fflt_clz.o)
    0x08004c9c   0x08004c9c   0x00000068   Code   RO         3924    x$fpl$fleqf         fz_ws.l(fleqf.o)
    0x08004d04   0x08004d04   0x0000008c   Code   RO         4037    x$fpl$fnaninf       fz_ws.l(fnaninf.o)
    0x08004d90   0x08004d90   0x0000000a   Code   RO         4039    x$fpl$fretinf       fz_ws.l(fretinf.o)
    0x08004d9a   0x08004d9a   0x00000002   PAD
    0x08004d9c   0x08004d9c   0x000000ea   Code   RO         3914    x$fpl$fsub          fz_ws.l(faddsub_clz.o)
    0x08004e86   0x08004e86   0x00000006   Code   RO         4158    x$fpl$ieeestatus    fz_ws.l(istatus.o)
    0x08004e8c   0x08004e8c   0x00000004   Code   RO         3926    x$fpl$printf1       fz_ws.l(printf1.o)
    0x08004e90   0x08004e90   0x00000064   Code   RO         4224    x$fpl$retnan        fz_ws.l(retnan.o)
    0x08004ef4   0x08004ef4   0x0000005c   Code   RO         4047    x$fpl$scalbn        fz_ws.l(scalbn.o)
    0x08004f50   0x08004f50   0x00000004   Code   RO         4160    x$fpl$scanf1        fz_ws.l(scanf1.o)
    0x08004f54   0x08004f54   0x00000008   Code   RO         4239    x$fpl$scanf2        fz_ws.l(scanf2.o)
    0x08004f5c   0x08004f5c   0x00000030   Code   RO         4245    x$fpl$trapveneer    fz_ws.l(trapv.o)
    0x08004f8c   0x08004f8c   0x00000000   Code   RO         4049    x$fpl$usenofp       fz_ws.l(usenofp.o)
    0x08004f8c   0x08004f8c   0x000005f0   Data   RO         3453    .constdata          oled.o
    0x0800557c   0x0800557c   0x00000011   Data   RO         3863    .constdata          c_w.l(__printf_flags_ss_wp.o)
    0x0800558d   0x0800558d   0x00000003   PAD
    0x08005590   0x08005590   0x00000050   Data   RO         3930    .constdata          m_ws.l(acos.o)
    0x080055e0   0x080055e0   0x00000098   Data   RO         3940    .constdata          m_ws.l(atan.o)
    0x08005678   0x08005678   0x00000094   Data   RO         4121    .constdata          c_w.l(bigflt0.o)
    0x0800570c   0x0800570c   0x00000020   Data   RO         4351    Region$$Table       anon$$obj.o
    0x0800572c   0x0800572c   0x00000008   Data   RO         4233    c$$dinf             fz_ws.l(fpconst.o)
    0x08005734   0x08005734   0x00000008   Data   RO         4236    c$$dmax             fz_ws.l(fpconst.o)
    0x0800573c   0x0800573c   0x0000001c   Data   RO         4147    locale$$data        c_w.l(lc_numeric_c.o)
    0x08005758   0x08005758   0x00000110   Data   RO         4228    locale$$data        c_w.l(lc_ctype_c.o)


    Execution Region ER_RW (Exec base: 0x20000000, Load base: 0x08005868, Size: 0x00000098, Max: 0xffffffff, ABSOLUTE)

    Exec Addr    Load Addr    Size         Type   Attr      Idx    E Section Name        Object

    0x20000000   0x08005868   0x00000014   Data   RW         1805    .data               stm32f10x_rcc.o
    0x20000014   0x0800587c   0x00000004   PAD
    0x20000018   0x08005880   0x0000005c   Data   RW         3222    .data               main.o
    0x20000074   0x080058dc   0x00000003   Data   RW         3715    .data               serial.o
    0x20000077   0x080058df   0x00000001   PAD
    0x20000078   0x080058e0   0x0000001a   Data   RW         3790    .data               gps.o
    0x20000092   0x080058fa   0x00000002   PAD
    0x20000094   0x080058fc   0x00000004   Data   RW         3868    .data               c_w.l(strtok.o)


    Execution Region ER_ZI (Exec base: 0x20000098, Load base: 0x08005900, Size: 0x000007c8, Max: 0xffffffff, ABSOLUTE)

    Exec Addr    Load Addr    Size         Type   Attr      Idx    E Section Name        Object

    0x20000098        -       0x000000cc   Zero   RW         3221    .bss                main.o
    0x20000164        -       0x00000064   Zero   RW         3714    .bss                serial.o
    0x200001c8        -       0x00000032   Zero   RW         3789    .bss                gps.o
    0x200001fa   0x08005900   0x00000002   PAD
    0x200001fc        -       0x00000060   Zero   RW         4163    .bss                c_w.l(libspace.o)
    0x2000025c   0x08005900   0x00000004   PAD
    0x20000260        -       0x00000200   Zero   RW            2    HEAP                startup_stm32f10x_md.o
    0x20000460        -       0x00000400   Zero   RW            1    STACK               startup_stm32f10x_md.o


==============================================================================

Image component sizes


      Code (inc. data)   RO Data    RW Data    ZI Data      Debug   Object Name

         0          0          0          0          0       4500   core_cm3.o
        70          0          0          0          0        890   delay.o
       712         70          0         26         50       3358   gps.o
       228          0          0          0          0       2522   hmc5883l.o
       280         70          0          0          0       5283   led.o
      1552        184          0         92        204       3076   main.o
       132         22          0          0          0     204671   misc.o
       352          0          0          0          0       2686   mpu6050.o
       338         18          0          0          0       4698   myi2c.o
       726         22       1520          0          0       6131   oled.o
       372         36          0          3        100       2373   serial.o
        64         26        236          0       1536        808   startup_stm32f10x_md.o
         0          0          0          0          0       1640   stm32f10x_adc.o
       314          0          0          0          0      12220   stm32f10x_gpio.o
        26          0          0          0          0       3594   stm32f10x_it.o
       276         32          0         20          0      12878   stm32f10x_rcc.o
       438          6          0          0          0      11244   stm32f10x_usart.o
       328         28          0          0          0      24777   system_stm32f10x.o

    ----------------------------------------------------------------------
      6222        514       1788        148       1892     307349   Object Totals
         0          0         32          0          0          0   (incl. Generated)
        14          0          0          7          2          0   (incl. Padding)

    ----------------------------------------------------------------------

      Code (inc. data)   RO Data    RW Data    ZI Data      Debug   Library Member Name

        44          6          0          0          0         84   __2sprintf.o
         8          0          0          0          0         68   __main.o
       392          4         17          0          0         92   __printf_flags_ss_wp.o
        14          0          0          0          0         68   __printf_wp.o
         0          0          0          0          0          0   __rtentry.o
        12          0          0          0          0          0   __rtentry2.o
         6          0          0          0          0          0   __rtentry4.o
        52          8          0          0          0          0   __scatter.o
        26          0          0          0          0          0   __scatter_copy.o
        28          0          0          0          0          0   __scatter_zi.o
        28          0          0          0          0         68   _chval.o
        48          6          0          0          0         96   _printf_char_common.o
         6          0          0          0          0          0   _printf_f.o
      1054          0          0          0          0        216   _printf_fp_dec.o
       128         16          0          0          0         84   _printf_fp_infnan.o
         0          0          0          0          0          0   _printf_percent.o
         4          0          0          0          0          0   _printf_percent_end.o
        22          0          0          0          0        100   _rserrno.o
        64          0          0          0          0         84   _sgetc.o
        10          0          0          0          0         68   _sputc.o
       228          4        148          0          0         96   bigflt0.o
      2152        136          0          0          0        960   btod.o
        18          0          0          0          0         80   exit.o
         6          0          0          0          0        152   heapauxi.o
         0          0          0          0          0          0   indicate_semi.o
        18          0          0          0          0         76   isspace.o
        44         10        272          0          0         76   lc_ctype_c.o
        44         10         28          0          0         76   lc_numeric_c.o
         2          0          0          0          0          0   libinit.o
        30          0          0          0          0          0   libinit2.o
         2          0          0          0          0          0   libshutdown.o
         2          0          0          0          0          0   libshutdown2.o
         8          4          0          0         96         68   libspace.o
        38          0          0          0          0         68   llshl.o
       138          0          0          0          0         80   lludiv10.o
        16          4          0          0          0         76   rt_ctype_table.o
         8          4          0          0          0         68   rt_errno_addr_intlibspace.o
         8          4          0          0          0         68   rt_locale_intlibspace.o
         2          0          0          0          0          0   rtexit.o
        10          0          0          0          0          0   rtexit2.o
      1272         16          0          0          0        168   scanf_fp.o
       800         14          0          0          0        100   scanf_hexfp.o
       308         16          0          0          0        100   scanf_infnan.o
       128          0          0          0          0         68   strcmpv7m.o
        32          0          0          0          0         80   strcspn.o
        62          0          0          0          0         76   strlen.o
        28          0          0          0          0         80   strspn.o
       164         14          0          0          0        120   strtod.o
        12          6          0          4          0         68   strtok.o
        68          4          0          0          0         84   strtok_int.o
        12          4          0          0          0         68   sys_exit.o
        74          0          0          0          0         80   sys_stackheap_outer.o
         2          0          0          0          0         68   use_no_semi.o
        98          4          0          0          0         92   d2f.o
       826         16          0          0          0        348   daddsub_clz.o
        16          4          0          0          0         68   dcheck1.o
        24          0          0          0          0         68   dcmpi.o
       688        140          0          0          0        208   ddiv.o
       120          4          0          0          0         92   deqf.o
        94          4          0          0          0         92   dfix.o
        90          4          0          0          0         92   dfixu.o
        46          0          0          0          0         68   dflt_clz.o
       120          4          0          0          0         92   dleqf.o
       340         12          0          0          0        104   dmul.o
       156          4          0          0          0         92   dnaninf.o
        12          0          0          0          0         68   dretinf.o
       108          0          0          0          0         80   drleqf.o
       460         56          0          0          0        120   dsqrt_noumaal.o
       430          8          0          0          0        168   faddsub_clz.o
        24          0          0          0          0         68   fcmpi.o
        48          0          0          0          0         68   fflt_clz.o
       104          4          0          0          0         84   fleqf.o
       140          4          0          0          0         84   fnaninf.o
         0          0         16          0          0          0   fpconst.o
        10          0          0          0          0         68   fretinf.o
         6          0          0          0          0         68   istatus.o
         4          0          0          0          0         68   printf1.o
       100          0          0          0          0         68   retnan.o
        92          0          0          0          0         68   scalbn.o
         4          0          0          0          0         68   scanf1.o
         8          0          0          0          0         84   scanf2.o
        48          0          0          0          0         68   trapv.o
         0          0          0          0          0          0   usenofp.o
       636         62         80          0          0        188   acos.o
       544         70        152          0          0        124   atan.o
        42          0          0          0          0         84   atof.o
        48          6          0          0          0        272   dunder.o
        40          0          0          0          0         68   fpclassify.o
        88          8          0          0          0         76   frexp.o
       138          0          0          0          0        160   ldexp.o
       204          4          0          0          0        168   narrow.o
       170          0          0          0          0         96   poly.o
        76          0          0          0          0         84   sqrt.o

    ----------------------------------------------------------------------
     13906        708        716          4        100       8168   Library Totals
        22          0          3          0          4          0   (incl. Padding)

    ----------------------------------------------------------------------

      Code (inc. data)   RO Data    RW Data    ZI Data      Debug   Library Name

      7682        290        465          4         96       4132   c_w.l
      4216        268         16          0          0       2716   fz_ws.l
      1986        150        232          0          0       1320   m_ws.l

    ----------------------------------------------------------------------
     13906        708        716          4        100       8168   Library Totals

    ----------------------------------------------------------------------

==============================================================================


      Code (inc. data)   RO Data    RW Data    ZI Data      Debug   

     20128       1222       2504        152       1992     306829   Grand Totals
     20128       1222       2504        152       1992     306829   ELF Image Totals
     20128       1222       2504        152          0          0   ROM Totals

==============================================================================

    Total RO  Size (Code + RO Data)                22632 (  22.10kB)
    Total RW  Size (RW Data + ZI Data)              2144 (   2.09kB)
    Total ROM Size (Code + RO Data + RW Data)      22784 (  22.25kB)

==============================================================================

